Return-Path: <linux-btrfs-owner@vger.kernel.org>
X-Original-To: lists+linux-btrfs@lfdr.de
Delivered-To: lists+linux-btrfs@lfdr.de
Received: from vger.kernel.org (vger.kernel.org [23.128.96.18])
	by mail.lfdr.de (Postfix) with ESMTP id 2D2803092B8
	for <lists+linux-btrfs@lfdr.de>; Sat, 30 Jan 2021 09:59:36 +0100 (CET)
Received: (majordomo@vger.kernel.org) by vger.kernel.org via listexpand
        id S233819AbhA3I5z (ORCPT <rfc822;lists+linux-btrfs@lfdr.de>);
        Sat, 30 Jan 2021 03:57:55 -0500
Received: from mout.gmx.net ([212.227.15.19]:33903 "EHLO mout.gmx.net"
        rhost-flags-OK-OK-OK-OK) by vger.kernel.org with ESMTP
        id S230111AbhA3FY4 (ORCPT <rfc822;linux-btrfs@vger.kernel.org>);
        Sat, 30 Jan 2021 00:24:56 -0500
DKIM-Signature: v=1; a=rsa-sha256; c=relaxed/simple; d=gmx.net;
        s=badeba3b8450; t=1611984167;
        bh=j6UO+gF3IEk+WejxbgTpb4ZDnWMNwxnbuS4aF5S8EzY=;
        h=X-UI-Sender-Class:From:Subject:Date:To;
        b=kI9Vu4cri8wGIHTz06IuhfmMUmr+I/ioMuHKDIBo5kc2cKfTJq8owU7XHsS/hzDDh
         AQLMOyVpKvq0DZTl4nmVqbyCk6ADzGwRPFu1/V0OTkteec2L2lnZmauwKcdp2BrKdT
         pkAc7OojBNNhFpVe6Ssp4m8a6MUgiQozvo1F5wRI=
X-UI-Sender-Class: 01bb95c1-4bf8-414a-932a-4f6e2808ef9c
Received: from [192.168.42.41] ([50.3.70.137]) by mail.gmx.net (mrgmx005
 [212.227.17.190]) with ESMTPSA (Nemesis) id 1N6siz-1m2bhC45XD-018IVu for
 <linux-btrfs@vger.kernel.org>; Sat, 30 Jan 2021 06:22:47 +0100
From:   Patrick Bihlmayer <p.bihlmayer@gmx.net>
Content-Type: multipart/mixed;
        boundary="Apple-Mail=_0FB5CDB8-3D95-4351-B0BD-84AE33F7F3C7"
Mime-Version: 1.0 (Mac OS X Mail 14.0 \(3654.60.0.2.21\))
Subject: Need help for my Unraid cache drive 
Message-Id: <D97BD745-505D-4F88-B92D-A59DB92AA7BF@gmx.net>
Date:   Sat, 30 Jan 2021 13:22:42 +0800
To:     linux-btrfs@vger.kernel.org
X-Mailer: Apple Mail (2.3654.60.0.2.21)
X-Provags-ID: V03:K1:hKBkhToFydKeD901gebIAuhMBHFwaJOWFklJxShPBiwuhWSg0Sd
 XVN54SzYO+ygbne1GQNXMqKmGfB3rvy0GSe7aTXuXJT8sHjsPT31ZCAmcSelF8f7d6QuCEE
 roRkXJX7qSgbhXqWQn9VWo0xOl+3XxZEFq9IjO07oWgWa+Gdk8ZFoJUm4yA7PWALoViXbTL
 ITxau5qvEYV+1WpTjPSog==
X-Spam-Flag: NO
X-UI-Out-Filterresults: notjunk:1;V03:K0:iRYvysGR/ko=:RE/dfsFUpz/4Og70D+d2F7
 urEBhtX9lvoFSebctjp8QlKTxEK5uAyS9WoNw6yKHtfM/qhpSMGBd7UB+nEvYx2/xr/sAL4Zk
 NMxSv6JA/9B28uCLW6KF1QSY7nKXDoKcEXi7ZRKzPT+Z5llOv/u7lkbmkp2RM9KR2w4laKdIb
 /of3QO3onkNvksAy4cqkESA1F5/SefWFuTsuOCDqj6fJe0cbGDP0yVol1lQElvSLOAQWTl/pj
 rZjIYqtjNxQ2+L57Z/CcemnC2tYUQqTyoX4rsQSMUOwarzmDM4yDiWTwB5t6VQNck+wMI7BvO
 5gi/s0mq7Y+BFZ5+IMSrHfjoHpml1XO4QwmqYVQUrLPosbHuIVOSrrji/4oHxyloKnpqiZIoI
 3CVW0XMm4PnM9LS0T5gYAeb0cSPyaUnRXohQU+8k6h85OJybeFpb0YAQ3k3SrtK84Zadix8Zn
 acvet6OlJELZ8wxjZYV6DrsyS03JTQffH1NYbAlLWXQOKU2U1vUS/TZMrBF+PP6GpDw0Gizdi
 M7EsGmmLsz6AGvHJe4tz7LUVCR6wVOcuHYJJTIfa79q3aLu3XS0xcllUX5Pl9YK9FsU/IiLX8
 CNM2gqW6esZf9ZqZr7TDIFPriYZ6WaLV6p9LfSewCrPXRA57cWZHmqRRNjQ9/BhPwAFOBukef
 42g1eGA3KK46xd4Nt4fSgAZ3Q9gvN5GSVdS1t1S3FN9dcbYLhgl5oV//ikRDeuWGDYMPvicOB
 fsnbY2eckrMQ2/mNXuN5juubjtPvaygUZqCDUu2gnk5W2GSxU6kxHIXwF977x4B6n0+oVCmpw
 7xyo0tGxzA/YTlj/b1e2dwZfjII0zMiXopTrNxMIM1Sk2Fx9nQ3Wub1dUkNChxiqyOQStdLkN
 1pnTrptbrIrNY88EE80Q==
Precedence: bulk
List-ID: <linux-btrfs.vger.kernel.org>
X-Mailing-List: linux-btrfs@vger.kernel.org


--Apple-Mail=_0FB5CDB8-3D95-4351-B0BD-84AE33F7F3C7
Content-Transfer-Encoding: quoted-printable
Content-Type: text/plain;
	charset=us-ascii

Hello together,

today i had an issue with my cache drive on my Unraid Server.
I used a 500GB SSD as cache drive.

Unfortunately i added another cache drive (wanted a separate drive for =
my VMs and accidentally added into the cache device pool)
After starting the array and all the setup for the cache device pool was =
done i stopped the array again.
I removed the second drive from my cache device pool again.

I started the array again - formatted the removed drive mounted it with =
unassigned devices.#
And then i realized the following error in my Unraid Cache Devices


--Apple-Mail=_0FB5CDB8-3D95-4351-B0BD-84AE33F7F3C7
Content-Disposition: inline;
	filename=PastedGraphic-1.png
Content-Type: image/png;
	name="PastedGraphic-1.png"
Content-Transfer-Encoding: base64

iVBORw0KGgoAAAANSUhEUgAABQAAAABkCAYAAADZuZ0cAAAAAXNSR0IArs4c6QAAAKJlWElmTU0A
KgAAAAgABQESAAMAAAABAAEAAAEaAAUAAAABAAAASgEbAAUAAAABAAAAUgEoAAMAAAABAAIAAIdp
AAQAAAABAAAAWgAAAAAAAACQAAAAAQAAAJAAAAABAASShgAHAAAAEgAAAJCgAQADAAAAAQABAACg
AgAEAAAAAQAABQCgAwAEAAAAAQAAAGQAAAAAQVNDSUkAAABTY3JlZW5zaG90/3Bi/AAAAAlwSFlz
AAAWJQAAFiUBSVIk8AAAAthpVFh0WE1MOmNvbS5hZG9iZS54bXAAAAAAADx4OnhtcG1ldGEgeG1s
bnM6eD0iYWRvYmU6bnM6bWV0YS8iIHg6eG1wdGs9IlhNUCBDb3JlIDYuMC4wIj4KICAgPHJkZjpS
REYgeG1sbnM6cmRmPSJodHRwOi8vd3d3LnczLm9yZy8xOTk5LzAyLzIyLXJkZi1zeW50YXgtbnMj
Ij4KICAgICAgPHJkZjpEZXNjcmlwdGlvbiByZGY6YWJvdXQ9IiIKICAgICAgICAgICAgeG1sbnM6
dGlmZj0iaHR0cDovL25zLmFkb2JlLmNvbS90aWZmLzEuMC8iCiAgICAgICAgICAgIHhtbG5zOmV4
aWY9Imh0dHA6Ly9ucy5hZG9iZS5jb20vZXhpZi8xLjAvIj4KICAgICAgICAgPHRpZmY6WVJlc29s
dXRpb24+MTQ0PC90aWZmOllSZXNvbHV0aW9uPgogICAgICAgICA8dGlmZjpSZXNvbHV0aW9uVW5p
dD4yPC90aWZmOlJlc29sdXRpb25Vbml0PgogICAgICAgICA8dGlmZjpYUmVzb2x1dGlvbj4xNDQ8
L3RpZmY6WFJlc29sdXRpb24+CiAgICAgICAgIDx0aWZmOk9yaWVudGF0aW9uPjE8L3RpZmY6T3Jp
ZW50YXRpb24+CiAgICAgICAgIDxleGlmOlBpeGVsWERpbWVuc2lvbj4yODYyPC9leGlmOlBpeGVs
WERpbWVuc2lvbj4KICAgICAgICAgPGV4aWY6VXNlckNvbW1lbnQ+U2NyZWVuc2hvdDwvZXhpZjpV
c2VyQ29tbWVudD4KICAgICAgICAgPGV4aWY6UGl4ZWxZRGltZW5zaW9uPjIyNDwvZXhpZjpQaXhl
bFlEaW1lbnNpb24+CiAgICAgIDwvcmRmOkRlc2NyaXB0aW9uPgogICA8L3JkZjpSREY+CjwveDp4
bXBtZXRhPgpyPFldAABAAElEQVR4AezdBbyexZU/8IkSkkDw4CS4uxYLFClS3Zba1m3b3brsdv9t
t25b2+pu3UuhpbQUdy3ursE9kJAQT/7nO8ncvtzee5NAiJ7J5+Z93+eZZ+Q3Z86c+c2ZefpNmDBh
dsmQCCQCiUAikAgkAolAIpAIJAKJQCKQCCQCiUAikAgkAsskAgNbrWbPTh6wYZGfiUAikAgkAolA
IpAIJAKJQCKQCCQCiUAikAgkAonA0oJAv379+ixqFwE4c+bMkiRgn1jlzUQgEUgEEoFEIBFIBBKB
RCARSAQSgUQgEUgEEoFEYIlCoH///mXAgAF9lqmLAJw+fXoSgH1ClTcTgUQgEUgEEoFEIBFIBBKB
RCARSAQSgUQgEUgEEoElCwHk37wIwP5LVpGzNIlAIpAIJAKJQCKQCCQCiUAikAgkAolAIpAIJAKJ
QCKwMBFIAnBhoplpJQKJQCKQCCQCiUAikAgkAolAIpAIJAKJQCKQCCQCSxgCSQAuYQ2SxUkEEoFE
IBFIBBKBRCARSAQSgUQgEUgEEoFEIBFIBBYmAkkALkw0M61EIBFIBBKBRCARSAQSgUQgEUgEEoFE
IBFIBBKBRGAJQyAJwCWsQbI4iUAikAgkAolAIpAIJAKJQCKQCCQCiUAikAgkAonAwkQgCcCFiWam
lQgkAolAIpAIJAKJQCKQCCQCiUAikAgkAolAIpAILGEIDHwu5enXr1/X47Nnz+76nl8SgUQgEUgE
EoFEIBFIBBKBRCARSAQSgUQgEUgEEoFEYMlA4Fl5ACL+/CH9GvHXSQYuGVX7eylaef9+Jb8lAolA
IpAIJAKJQCKQCCQCiUAikAgkAolAIpAIJALLBwIL7AGITHv00UfLlVdcUW6++eYyadKksuqqq5Yd
dtyxbL/99mX48OFdpOD8QohEnDVrVo0+YMCA+X1svuM99thjZeDAgWXEiBHz/cz8RGwEaCM/2+f8
PDu/cRo2/fv3r6Tr/D6X8RKBRCARSAQSgUQgEUgEEoFEIBFIBBKBRCARSAQWFwK4rlKmzYjP4L36
B582KFi4Af3tpv37jtpFVbp+EyZMqHt3J0+ePE/iDgl1ww03lJ/99KfF98232KKMWHnl8vAjj5Sb
b7qpbLDBBuWtb3tbWXPNNbsIvb4qgjCL/Mu1115b7rv33kpwbbbppmWb7bYrgwcP/odHxW8eh/9w
s5cL0vnG179e1ooyvfHNby5TpkzpJeaCXVaWq6++ujzwwAOVXBy64oplw402Kuuuu25ZWCQmjOFy
+eWXlxcddlhZYYUVFrj+fdYq6hAJ9hklbyYCiUAikAgkAolAIpAIJAKJQCKQCCQCiUAikAgsCAKz
y6NPTi9X3jq+jH1wSpkxc3YQf6VsOHLFsvMWI8raqw2KxBYeCYiHwhn1FQZ8/OMf/7QIM2bM6Cte
JfwefPDB8pUvfanstttuZbsg6e64/fZyzz33lBWD/DrooIPKnXfeWS697LLyghe8oMbvK0EEGtLx
W9/4RjnppJMqifbIww+X4/70p/p9+x12eAaJyEPQn+f89RTcRxB23uf592dpBhG45557lmnTptVH
O+O0tDrzQL71FQYNGlS++pWvlNNOO61MfOqpStKpByJwiy23/AeirqXdPd1GaHaWp9VBA94bBOCF
F15Ydg3MO0lRcdpf57OdZZ45c2b92dN9z86K++71dL8znfyeCCQCiUAikAgkAolAIpAIJAKJQCKQ
CCQCiUAiMG8E8C3X3zmp/OrU+8sZlz8eXNbscsRea5aLb3yynH3FuHLH/U+XlYcNLGuvvsJC42Nw
TfivvkLfdzuelNAfjjmmbLLJJnUr7QknnFAOOvjguuX3oSAGf/vb35Y3h4fdz3/2s3LxxReXAw44
oEyfPr0jhWd+RaCdccYZ5bwLLig/+MEPytZbb10JrbPPOqs8Eh6FCDMBOYVk5GE4Yfz4MnKddcrO
O+9chg4d2pXg7Ih7Y9y//bbbyrBhw8q2QU6uE/GALvSPsvuOsLziyivLKqusUsnATkINGXnNNdcU
JOdqq61Wdtlll7LSSit1pdGVWccXBNsRRxxR3v2e95SJEyeWP/zhD+Xb3/lO2XGnncr64Q3pvvLf
d9995brwcpwa5OMW4TW5+eabV4LUvRtvvLESqHBFa469++4yPuqJYPX8euuvX14Y5CqStdVHEZCt
N8Wz2mXrbbYpG264YVfJkLk3XH99GTt2bMVp56hLp1cmEvTKwOHB8F4cOXJk2S62bq8cnpyd6Xcl
ll8SgUQgEUgEEoFEIBFIBBKBRCARSAQSgUQgEUgE5onAwNjee9XtT5Vjz3qobLrB0PLg41PKwEH9
wzuvfxkyeEAZPmxA2WS9oeWECx8JDqZf2XPbEcH9LJqdmX27uc2tGqLKWX/XXndd2T286Hi9vfFN
bypnnXlm+eLnPlceHzeuHB5EmOv77b9/Of+88+bpASjpC84/v+y1116V/LM1d+rUqfX5Vx11VCUA
MZiu//THPy4XXXRRuT8Iq+9/73uVaEMgCj4vCA+5r3z5y2XsXXeVc845p5KQSDDlrnGCJLv80kvL
d7/73XJFbKfluXfVVVd1uUfytPv1r39dfvXLX1aS8Q/HHlu/d/fWq4l1+8+z/pCFR73qVZWoQyS6
5vmHw6vxi1/4Qt3m/MD995cvffGL9exExB0C8sIgQH/0wx/WuAPi2m9/85tyztln13vi3Bmk5f98
61vVQ1N9XEMafvbTny43Bel5WXhc/m8QqNqn31zG94zTTy/f/va3y+OPP17x+HpsgYatIM8TTzyx
/OD73y+PxFmOx4d35Mknn7zQti13gyd/JgKJQCKQCCQCiUAikAgkAolAIpAIJAKJQCKwzCOAgnpy
0szyu9MfKKuOGFhevt/IstaqK5SxD0wu3zx6bFl56MCyzmorlJftu1bZcK0Vy9Fn3l8ee3JanA24
aKCZLw9AxBMPOaSaQwu96OPJJ58sZwThNzAIuGOOPrp8O8i1U4JI2nvvvculQbbNy5tMWs4O3CW8
+RpRp8qut8ALEGH19ne8o6wcL/Cwn3mNNdYo5557bnlTeBt6jpfh78L78MADDyzv/td/rQSec/MQ
cK0MPARtAf7wRz5S1ltvvfKRD3+4EnLISiSdl4ScGB6N/++Tn6zbm3eMF5p89rOfLf/8hjfM0zOu
5aHcQ8JLb/XVVy8PBemnbMhJJOmMKOO/vfe9tfxeoHLaqaeWncJLUP3222+/+htRyHvx+iBZP/Kx
j9UDIuGAB+7ERL2ODU/MLcNj8hNRXsQeb8C61zu8HHn3ue/MwFcGIfnQQw+V90XevB95+gnIUC9t
+Zd3v7s8+cQT9Zm2XbhGyP8SgUQgEUgEEoFEIBFIBBKBRCARSAQSgUQgEUgE5huBgXHI31W3jit3
PzS5PDFhRvna7+4q9z8ypRJ8I4YPKi/ac43yjd+PLV+Pv3ETppdx46eXS28cX16891rxopA5u2Dn
O7NnEXG+CEDpIrMGBFk2M0grJJMtuBuMGlUeD/LM9l1bYHnBPRUv9UAQzk8YGGRWX9uEpYGguy88
587+1a/K008/XbetKoPz65BhrimDbbczg4RDGG4WW2w7SbMZEXf33XcvG8VLOlz31uKpXgYShJn0
ecop/8lxhh/vOWVacciQmrbtwvMixxqBiQwUV70E153hNy7I0u/F1mBvfbHFGNEnKMvmcV7gakEa
XhMvFPGJRNwmtvQiDXn7CS19nzwi740t0a9+7Wu77tlSLC33eQI+HqQeEvbOO+6IgybnlOfpIHBb
Oi+Mrds//tGPyuc+85m61fkFQdpmSAQSgUQgEUgEEoFEIBFIBBKBRCARSAQSgUQgEXj2CNxy76Sy
6frDykorDihX3zahDBgYPFpwQVtsOLQ88PjUMunpGeWpSTPKNqOH1ReB3HzvxHLE7DWffYYL8OR8
EYCIrWFB6jmPzrlxa6+9dn0b8Ac/8IFyV5wzt+2225ZTTzml7L7HHuXqOOuOd1kjm3orC3LLuXV3
BUnFi018+SCyGsGI4HN+3pdj2+xrX/e6sm94y10WxJaXerT0fdo6284MlF8jFVsc15CDjchrXnuu
1ziRrzP2XnzkkWXlIPyQi4hEZwF2pit+9+B56bXtvo+Fhx+c6g7uuO7epnG+31GvfnWtl+urhDej
Oro3JLwaeU2eH9uhV4389ggMEYRty25P+dnq28olDfVtdfUbAekMxq2CmEUkvjbIwnXi7cTiue9M
QW9stgX7mPAWvDy2EX/yv/6re1b5OxFIBBKBRCARSAQSgUQgEUgEEoFEIBFIBBKBRGC+EJhdJj49
sxyy6+pl5OqDy413TwqOa3bZYM0Vyz47rFauve2pMiNeCDI4SMEjwutvVmyAPe2yx8JZbL4Sf86R
5usMwEYqvfRlLytnxos79t1330oEOpePJ92fjz++rB+kF9LMOXfeCNxIuL5KOCZIqutuuKG+5ZYn
Hy885wj+9Cc/qQQXAhDhCItDDj20rLXWWvXcuhnhASgoF+Ju/djWe+kll5TJkcYT4f12fbwAoxFk
Nd7cuL7XEM+1gBRcK16EMTy8F6cEKbfppptWIo63nvrIo6/wVLwB2PbdsUGE/jrOELQVd/vYaotw
FDaPl37YLr1mlL2+6CMIwxU7XmAi//1jK7Jz/S4MQm7MmDG9ll1ZpC9N9ZU3j7/rYtswz0CB9yWC
lifmxhtvXNaOl6HIY0h4NLa63BMvGhkeJKMtwO94+9vLVeF92EjYmkj+lwgkAolAIpAIJAKJQCKQ
CCQCiUAikAgkAolAIrAACPQra4wYVP76t0fK7896OLid2XUn6MvHjCw7b7ZyfSkI8s+Rf8ef90j5
43kPlVVXGrhknQGotjzWdtttt3JonC33q9iOe9jhh9cttIgjhBTPtxP+/OfyL/FGXG+cFb+vgCDc
ddddyyte8Yq6PXbU6NGVxLo/CMRXxdl1thwjrjYO77mRQZ55eYbz9WyhtS1XQGgh6V77+tfXF2WM
i5eRIMX6B3H4qU99qqYh3tAgvzoJsCFBwNUz8+IeolC6ymFb7CXxBuM7wiuRV+N74kxBZegteHPu
efHCk7viDD5bbJGGH/7oRysB1whQZxNeEC/6+Gxst109zi+85eaby4fiDMIddtihkqQ8HtV93fDQ
Q6Zuutlm1Quy5TkovBs7t1QrD3y+8PnP1z+ef+OC9PxMpM9zUD1fF96SP4oXp9wbWGqXFeLaJz7x
iYoVz0sef2fF25a1m/IoIyK1kzRt+ednIpAIJAKJQCKQCCQCiUAikAgkAolAIpAIJAKJwLwR2Cy2
/55yyWPBV00tgwbOebvHg49NrS/7eODRqZU3GhBv/bj1nkkRp5SDdll9kRGA/SZMmFBd3Lzko3mI
9VYlZBOvPFtHvUkWyYdQ8rlGkH6vjm2uzqObF/nX0peev1tvvbW+yEL+W8aZeDzlEGOC/O6JM++u
uvLKskFsGR4dZJmXdvBua0EZeOBdG2/ftRXXVmQvC0Fo+e15RCHPOMG2YucZ2hYrjjIIPAe9LGNE
EIy24iLFesPEM9JVFmEoT8TYVoucbOSf68o/fvz4csUVV9QXbqjflltt9Yx0lVGZlMW26EbEyYOH
3wPhBckzsQX1RYR6k/G0IGB3CSKVB2YjK92/7bbb6jZtBOIe8ebmtp1ZmuKp692BGZx2DWIXIdry
bfnkZyKQCCQCiUAikAgkAolAIpAIJAKJQCKQCCQCicC8EfA230lTZpVvHzu23P9YvPxj7ut9B8bn
umuuUB4eN61MnRY7WiPe7PAOXGOVweX9rxpVVllpUPAxfe8+nVfuuKfm6NZb3AUiAFsiyDSef7a+
8lqzfdb2XORSI+5a3Pn55O2HBBOQU93TcMafc+0QVO6rWCfJ5jmkl+uC5xsZ5rd7iLx2rftvcYRW
DnGl3xv5Nyf2nHRbuVv6PZFo4sgTPu53L7v03Be6190z7nV/Rl07n2l1q4nEf+41PDzbWa6WpnLN
b11buvmZCCQCiUAikAgkAolAIpAIJAKJQCKQCCQCiUAi8I8I9A8O58l4ycfkKV7UOuc+T78ZsbkU
ZTWXEwwuppQhgwfULcDPkfurmeB/nhcCUOpIJASSz0Z+zala/p8IJAKJQCKQCCQCiUAikAgkAolA
IpAIJAKJQCKQCCx/CPD8a+RfX7VHAj5Xz7+W/vwQgPP1FuCWYOdnkn6daOT3RCARSAQSgUQgEUgE
EoFEIBFIBBKBRCARSAQSgeUdgYVF6i1sHOfrLcALO9NMLxFIBBKBRCARSAQSgUQgEUgEEoFEIBFI
BBKBRCARSAQWDQJJAC4anDOXRCARSAQSgUQgEUgEEoFEIBFIBBKBRCARSAQSgURgsSCQBOBigT0z
TQQSgUQgEUgEEoFEIBFIBBKBRCARSAQSgUQgEUgEFg0CSQAuGpwzl0QgEUgEEoFEIBFIBBKBRCAR
SAQSgUQgEUgEEoFEYLEgkATgYoE9M00EEoFEIBFIBBKBRCARSAQSgUQgEUgEEoFEIBFIBBYNAkkA
LhqcM5dEIBFIBBKBRCARSAQSgUQgEUgEEoFEIBFIBBKBRGCxIDCwM9fZs2d3/szviUAikAgkAolA
IpAIJAKJQCKQCCQCiUAikAgkAolAIrCUI9DlAZjk31Lekln8RCARSAQSgUQgEUgEEoFEIBFIBBKB
RCARSAQSgeUOgfnh9KoHoIj9+/cv8/PAcodiVjgRSAQSgUQgEUgEEoFEIBFIBBKBRCARSAQSgUQg
EVgCEWicXr9+/frk9SoBKNKQIUOWwGpkkRKBRCARSAQSgUQgEUgEEoFEIBFIBBKBRCARSAQSgUSg
NwSQgPNy6us6A3D69Om9pZPXE4FEIBFIBBKBRCARSAQSgUQgEUgEEoFEIBFIBBKBRGAJRIBj38CB
XRRfjyXsujtjxox5soU9ppAXE4FEIBFIBBKBRCARSAQSgUQgEUgEEoFEIBFIBBKBRGCxIDBgwIB5
EoBdLwFZLCXMTBOBRCARSAQSgUQgEUgEEoFEIBFIBBKBRCARSAQSgUTgeUUgCcDnFd5MPBFIBBKB
RCARSAQSgUQgEUgEEoFEIBFIBBKBRCARWLwIJAG4ePHP3BOBRCARSAQSgUQgEUgEEoFEIBFIBBKB
RCARSAQSgecVgSQAn1d4M/FEIBFIBBKBRCARSAQSgUQgEUgEEoFEIBFIBBKBRGDxIpAE4OLFP3NP
BBKBRCARSAQSgUQgEUgEEoFEIBFIBBKBRCARSASeVwSeNQHoFcO9BffaX29xul/vLb3e0mnXe3uu
e/rLw++GSWdd+8Knxe8rTmda7Xvnc92f7f7bMy1+e759Lkjc9kz3z5Z2++y839M193u73vlsfk8E
EoFEIBFIBCDQxoz22YlKu+ZzQcOzeWZB81gW4jeMe6pLu7egWPYVv6XZU37L0rXeMOip/u1aT8+0
ez1h01P8nuItiddavXqqQ0/XWh3mda+3+71dl657fd1veefnHAQaXj1h1tO15Q233jDoft3v9tcd
o3a9+zPd4y1PvxsmPdW5t3vLO37PBpe+nuntXk9tsiivdW/nVs7u1xdVmQY+m4xmz55dpk+fXh8d
OGhQ8brhWTNn1t/tnk/BvXp/1qxnKBH3Z8U192bGs74LAwcOfEa8yZMn13tDhw6t1z3XPY/+/fvP
83XHNfFl+D/4wVGAB1wbTq4NinZyveFc782YUWbPxb0TQ+n43YTSM01QZ8Qz9XfcjwxqHq3N3BPE
dU0eM+PZJhvtujgtbiura75PnTq1TJs2rQxZccUyKNJo5XVfev7EE9yTTitbK6e8fW/PwqLVxxRt
0tNP12dWjDyElq56e7bzWsurXsz/EoFEIBFIBJYrBLrGvLkEn/HCOGFsMMYYN1wT2nW/3TP2tCCG
sbBda8+6P3jw4BqtpVN/5H9dmLQ2gB1bpo3tswLnmWGLNtzcb/h6uMXrHMfFbW3W0vO7BfbE02Ej
iDds2LB6uaXf4izJn+rS7B3l9tfqD49mL4nnz+9O+XOt4QYf9+Hf0mn3mqy3dGAirus+5WmeMGXK
lLLCCivUPNqzSzJ+rWzqq/w+hU7ZmgGjudipmzjtr+Gn/mRVaGnAxZzGb3OaznuwafZsd3vdc0uz
TNaKLsL/YKkdGu7aosmr+YV5xtIokwsDwt76JazIn9D6sWvwatdcbzqhO8YN3xp5Gf1PnWHgT+j+
2/We+ikcm17wnHhNTzb9WfUFOyDiNrkVd1kO84MLrDrHJ3g0zBo2Tfak15vObnGfr0+yIGjHFpp8
+N36lvv6UPeyuq4e3dNpacDBM/4682h5PZvPBSYAFfyWm28ul156aRkaxpGBatttty2jR4+uQn3D
DTeUq666qiBXNNJGG21U9tprr3LNNdfUjrHHHnvUct57773ltttuKy984QvLddddV66N+yuttFI5
MH6vvPLKtREvueSS8sADDxRdbaW4ts8++9R7N0f+l112WVceG2ywQZEuYJbHQBgef/zxcvbZZ5ep
oaz3DCy23nrr2g7aghE7ONpp+x12KBtuuGGF6MEHHyxnnHFGvUfAVl111XLAAQfUe64T1iOOOKK2
6UUXXlg232KLsvbaa5fzzz+/PPHEE3UAJazkQftvvPHG5dRTTy1PPvlkzXu33XYrkyZNKqecfHIl
AZVRJz7gwAMr6XjWWWeVCRMm1Gd32mmnmi/ZuTH+CHr/SFebrrfeerVDDIi8zj3nnPLYo4+Wl7z0
pVXuHnroofK3v/2t3jegDxkypP4ddNBB5e677y6XXX55GRLG2QFjxpQ11lyzDmTq8sgjjxSSsm6k
vdeee9Y6KMtf/vKXrrKrIxnfd999u4y4Wsj8LxFIBBKBRGC5QIBNcdFFF5XHHnusTIsxxnhnbNpm
m23KdtttV86JMYktY+wxjm6//fZlq622qmOM8YR9wwYSzo4x7+mY/B922GHVgDvvvPOqfePZlYYP
L3vEWMQGWl7tmJ4Eit3ABjT2WxQURoetsUPg7N7VMcbfFPZgsze3CDtFG1QjOuyI08ImYXccdPDB
9ZpnjP9sHASA9mS7sGHYHZ67+OKLy9ixY2tebJ699967prE0tIs6sIk2iTptGHLHhn48ZPfQF72o
2mNkmU3Ddjv1tNPK5CA62fDDQ/7Y6T5vvfXWcvkVV5QV2U5hr4nLtqxkXsivdoDb/vvvX0msk046
qdr6sBXX9dVWW622G3txZtiS7pFvfaG2TUV3yf1P/a6//vpy9dVXd8nWqFGjCrsWIaJvw3pA1GuV
sJ33jLrpxxMnTiynnnKKGX6t81phd+62++4VY/JzWdiUbFNh1cBon2iLFUI+hfNDHzwS9i15ldbu
8dzqq69ebfGLo03vueeemue6665b9nrBCyrW9cH87xkIaDsYXxCyNyzk2TzUPILc09UXXnBBvWZO
sWfI/Abrr79UyOQzKvksf+iH5k21X84lsMmufql/n3vuucXckE6EF5kzD/Icwpvsm3+Zo9Mld95x
R9UHMKZDjX1LQ/9+NvDRbRdEH11z5Miy+eab1754eYw/ru+4444VP/307hg7Zkf/X2eddbrGDvNL
82M6w5+xx3xbPz8lrjc9vFroEvrCeLY0jDfPBsf2DBxwBH/961+rznMdHgfHWG1MgpfFEvhW+yj6
qk922CmhY6c0eyxkk6waq3EI5BXnQSbxHca1Rr61vBf2p/7BRrw6+JaDDzmkJq/s+tOY4B/0LZzH
U089Ve3GXXfdtdx1112FDWg85Yi1xhpr1LFT/7z99tur7YhP+esJJ5QXBqdB71feLRaO9DP1e67h
71TlfKZEud5w441d5MoD999ffveb31TiR6PdEINmIwANZOIDB6FyYjQ0odagCDwDrO/IqTMDHIOf
35659tprayMbHBGNt4VR8ujcwRFJdAVyJ4Sl5hHpL+8BDpTxxUFwaQeYXxcYMmCQYPfEwHf0735X
BdD9++67r5x15pnVgGvtpENqH9f/eOyxVQi1ByEmlNrFn/jnxzWDg+/yqm08blw5I4xKz7TOrRMb
EMSTLzLXfZ3lnGhz3z3r9x8iTwQmsveRhx8ud915Z5fCnBqryCeHofnXE0+shqVyyEOaOskZp59e
f0tP4D14CWUchkDzUkU0nxF1o1zJ1amR3k033dSVxglh1P3puOMqUU0xSZPiUL4MiUAikAgkAssP
AsYXwVhjnDHhGRvGfeeYZ5J5f9hAbJE2ltWxMOyd34ZddHqMIZ4fF2Pj0UcfXYknaUrPOPtgkFu+
XxCTUhPTNn6Jk2GOrWDSfl7gDKdpYQcc+/vf1zFfOzCIEVbG9NYu2q1iHouibE42A8Nbu/gzwT07
sB8Y7TIxrh97zDHljrCdpP9okINsgBWjPYeFoW2xmy3QZGFJbxN1YOdcHQvqJplsmN8HXjNiAsKG
q/UO28jk4bSYRKl/lb+YiLDJfe+0nfwWyKVJDHtuSkxsmv1lkoNkRfJ12njwOj2uj41JzmpBYj05
fny5c649t6RjqHzqd33geM1cArDJlntswhP+/OcuEgnG5jLikLNm85K1E0L+TObcg8VfYjInbXMa
uuPKmMf4LSBZHw67lyybSNIP2pC8Hh/5ecZkEeENd+ln+EcE4AnzC2MuxMuys+04JNwbcx8E9bjQ
D9pkaenb/1jTBb8Cm5MDg7v1yyCbxke/pPuabtS3Tw59aR4IF39IbhiakyMOjYrSuSjGq7Exv2rz
cGksy1jSgeeHTHFcohf9RgBeF7oWPvTrn2MOOXju2MFRyYIAXBCA9KQgrudhRZecGu1BbwTo5ZyY
V58TemB56NvqqN6NAKxjz9zxBk4nhhxOCvzM1fXlS2NhDubT5o5DzYu3YekenW2RBQHoujwWFZGK
5zgxOAW2nrzxI7gTfUXZLDxayPRduXATHJLwM+KLRyZ4kNJTZEOcn//85+WWW26p9y1ccvYSd2GE
BfYAVMCpoSR43b3kZS8r90UlP/OZz1TPLassWNnVQ7nuvPPOdbUAq6kiGPPf/PrXdYDDjCMJMeB1
5SBW0lddZZWyQ3ioWYEEjsFvw7l5WHmgpKw6aEwkEeUlD0aJVbJF1cgLA/SFnQbBWzNWGrfcYouK
+SabbFJJt8lhLPPMtGKDbf5stBNjmSelNlkhFBUMbdFYJfCvyjvwFTYaNaquZG622Wa1TduqTlsN
t0pupZ03gzYgwDtFWoxI17WHttV228TK0CojRpShYbysGAMyw1ucm4JI5qlImHmITojB6OWveEU1
vBk9Vpuk4/6NEdfn5ptuWi6NVW11XGuttcqLX/ziQtHyIFUWBpN6bBLxrAhgysmHYPWGTL34JS+p
+NwZmCAyreqqwxpz5YiyUS5G1vIsVxW0/C8RSAQSgeUQAbrfWGIF2fhmjNo2bJUjjzyyjp/GN2Pn
VuEtYRxt47DrxhPeP7fHZMEksy7ExXg7INJrgaFntfiQQw+txBOP9SNjPMvwTASmh03J3rMjgXF9
fEyyGinHxmFPNluQHQR/k6wrr7yyrBfePSYRCBpeAtpU21hkPDzSM4n45je/Wc6NSReb5KmIi9Dd
NOwe9ixj2wR3abEDyOuGUWcTBpP7xwMvFp3JhwXiEYEjgsk9pB1MtgwbCT4IOkHd2U6u2xnCDntR
eBBaaDWBOTC8AkfGfXa6RXl4s/HERZzCFl53BlnO/rfDY7u4X7fNhq26NAQ41rlM2IRkCwbqIujn
M+LPThN288WxMGCyxzaGBc8y98xXLIizZdmYF0Y8XpUve/nL6yQQKYD023e//Wq6ZHH3iLdfeFA+
HGQCRwvexuJJY4uYQ2kXi+Xke2mRyVq5RfiftrNQMDy8qXfZZZeqo7WddjMP2iC8gnaO6zzWHCGw
POGoz9ID5Mh8bbvQeRYHYIOY2DXk7/jjjy+7zh3PeB29NOb5HDL+FvJ7RIx9vCrFnxzyStfoH+S+
6d5F2NSLNCtyxRGFLhCqnMV381m40qkcosyZ8SP6qbFDMN828htjkNL+6GH2w/S4N2bMmDIq5tzm
rwhadoH2WNZlcxZcog/yoFRXOyDYWr7rw3ThpjGX56iD1D88sCZ7xi5ze2M/XUgPu05nG4f0e/N3
c3+y+XwH5cVHGP94IWr/y4MLWT9sCO3svrZnD9o94je7ZngQlcZH8mFRgkzpmxbmLFDgNtYKj1P1
5618XyyG4mYWVp2e3RJSFBIZY2VgwyjMqCCZxsZgr/Cu3ROs5TlhKFjVNniprEqtHY0FHFsSeAQC
REU8pwP5851SvjvS2yGEwmqk67Z2aEyNXPMIIBgjVtEQR+Is74Gx0HCEBYVT2ymuI8zWD6HUNg1v
7WC1gRFCWYlb6b/A/5BQQA+E0WE1WYdsgVLypw3qZzwjPcHznfn7rkMaOOSBcOsfcVv+La7ntDc5
Qh5rYx27bRdxH/vPyBwTxucVsT2F4vS8MnSm47vQrvmUH+PzfkZUyJH0KFqkNGNffiGk1WB4UZCI
tmoxdsXLkAgkAolAIrD8ImAc6Brz5o45bczzyaYxvll5Ri4Zc4wpyCfHbhwTHmZXBRllG6oxmj0k
iGd7661B1iBSGsGw/CLdc837xxjPM4pn1UnhFbBZTAiQK80WtDuEHWPra/OMMkG4LBYKLXbuGBNU
NgjcW7vBXpvCfOewM+8I8sv9kWHE217JtrQj4L6wD8RdWgJ7eouYGD0Y5eapsnJM1ncKGUQI3hq/
t47JhwCH6RGXV+txdj2El+OWW25Z7XH19cfGa3jBqtlaCC7f3RPPpBi+2uCWaAvXYDlmzJjqAfOX
IBR4DrUz85YWLNWfXdrmMrx51NnfjJj4u44s6RfxyCR5dO/piFfv/elPZXjI6UZBOMHjnkhr44hn
QggjeD8UNmklB+I5wc4maZI77UaOkTCIQVvIeBA+aDdOPJ+hdwTojIdCt2oHXjjIGXp8TDidmHse
H21D9rXL8hToB8dsTYz+Ts7M0Z3T3gKMyGa/+BR8F3iyIiJszxRq3w+ZvTGICf3eUQOIsRa/RloG
/9NL1b0F3/3V8T7IHsdWkbc/h8cuMrDh4dPZ87z82Qp2t7X5pTmx++akSB5e6Oa3nfm0/Ja5z7m4
nBeYkSMLKcYWgVRyxtFX8UjGLjjDihfgJcEJeIYjUcMZGXtvpAFj7WChsN2riT5P/9Ej2m+nsCV4
dVvMsai2e8iDoC27+lZ8F6qOCrtG3W0FtkgnIDNXj4VMYzZP3cNj8c1OkTuCAMXFrB39EA4LIzzr
UUSFGrA6PqMgalkVqlXGUXGmgIHPYCeo/K7BynKptz1hvRjUnMsGOGm1jtX1PeIzpv0WVLhV2jMj
wqNs1KhR9ZyTdjZMjbgc/1exguVczEDhu3aC2XQKOnCtiMZvW1xGBek2OnDkMtvw9UnZ7x2GMHdw
wtzSlI4/oX3WH+2/jvzdR+BiwckCL09BWjW9uZ/ikR+GULvv03XxGF6XBpuOsBwbRhSD37agVq/6
ULf/ah5xreWlzrwvDICec70aXvCI7wJjy2qWVQgKBFYZEoFEIBFIBJZfBIxD/gT/t+8xcNRrPP2M
oc6UZby2+z55AiFi1g0y0IKThagWjDs3xwTKpICddGBMTj3TxqMWb3n/hLKxmfffSeEd8YKwSxjJ
FefAyxZTq+JW3RnIxnfHyfCgMqGwuGnHiYl/F7aBffs+LdL2DLtn5bArX/PqV9fFZx5EznPzbJus
Leltwb5ZP2RtZuBicdwC/fYxKbkq7G5kMy+yJp9R4cKD0s4IdW+ePHCBef2cK+Oe6Xqu47trMLe4
zJZEqLomPWeL8drUL0xujo6tyM17ZknHUfnUw/l+bS5jgteC6Zdzu86MnUojQha3iskp7GHmOYQq
2bHjBOlX7c7QDc3+jIgVI+RhZ5gSNvqVscBtO+F+Y8ZUvHi0vOY1r6neWmz2k4KMuS4ml0uLTHbW
b5F9jzawm8y8QxtoO9jvHQsCh8ciP5m0+F+3x8+ddyyysi3GjGBgUYQXu3kZT1MLVPol2a0hPmv/
jx/0IvLevOuVr3xl1zyRjIegV68//V5anWPfYqzi85Y1fOo4Mbef+w5PZDx9h5M4KsaOHe1kjPm0
BStjR3OgcdTZBsGLjB41qp7/WTGcW1ppmW/yxmzt0Hn/eavUEpAwfHjlOrMWhrCsGIR8WVy6IEhA
c3Xn5sEbLog+C6zG/TVj0U7wjHv0MYzp7eaBuSiqqWy7xELN3WFz2LGIpNxq7qJaa9Mo5N/bN+rp
TEN1UFb6Svnp9S1jnP5bEJxPxMLFPuEhLi1nxNJnC3NHwjNHn/lFKQpp+8q4MKgQevYpc9O0wgcE
rpA7hluj7TJNKbjOzdN2GOfi7BKN2QgWq7Y8xRA94glWx2z1ZPRhca3uMuY8Y8VizTA0eAg6iJsA
EZrlNRAuHYTR4QwHqwcCYXINhrbDYJF5AsIYhogubaKtuCQ3DH2Kc0B421k5435KQXUGcaTfgt+2
2uiwZENw38D7gtgaIS3bcl2TtrYWlxHlN7dp7vkGGuXXgXhNaFtusCYAI4OU5O5LWVi9a2WSZiu7
fOEhDcat+sNGp3KwLXnl3Wdrj/MqyW1VHPGccijvYYcfXlcXxke8ro4r4QyJQCKQCCQCyyUC3ce8
GMzquMOAM4Yi+No4ZEyygMmT/ZWvelX1nDCWsJFaMN7wcucl+E8xudoibB5jtXNxctxpKMX2qcDJ
ltOXxlEmPKEs/sFWgKGturbROLYDbuwCuwTYiBY2kVKOH3GGVfMusKjJDnC0DDuzecYhCXmxOY6G
t4v2tGVuaSFbyB27jg1uAmrHA7m0fd22IiQpzMSz6OqFHY6IYSs1grTZTjxW6iJpYNoC+f271TfH
xoPpNoE9W5KNJn3twL5CbLP9bDd0PtMziIaW6BL6qR7d5zJNB6izbXqHh63ITuShUvt3yAtb2rZ+
9x8N8tn8Bd7aAuHPm1UfR/SNHj26a44kzh7xAoBXxDE40rftktyxVW1/I+O8iE0G2cpLi0wujuYl
t3Qv2ds/iNRGLJBBxP6BcV0fd056dxlfHOVdVHmSURiY53T1y+in9KFgXuYlC2SWfJlzH/fHP1Yy
n9e1xRT9QtAXvGRBvzd2kd9lOaifnYw8scyLYXF/nCeJgIKrsZs3P1ugjh0R35ZPOMIK5radu29M
IneC8U16FklOjyMDLKbQIcs6nuoOF3U1DjkSjj3Uxif3XTfuO/YNvnCGizHeFmA60fjfiaVxH8bs
KvEWFY7KPSpsQWPeMbHYhVuwgCR/9/SpynkERyMYSy1k0kPK6jl4+NsqxlMejkhjYwT9dWac/2cX
JAwWVljgMwBVxhkf3sbq7SRWELyRDWGnEaygcn38S7jAGqgU3ootAKy68Pq7P4golZ4Z9zWQ83Eo
HaQPlldldSArE7Z8WCVDMjrvTdUZOA9H/rZoMAQJDZJpUTX0wgJ/YaVDICijO8IoYIgwaikaOCLv
HLJpS8iuYVwgACkcwqZT2Z6hnayiHxpGi7TsRR8YmHtLmUHi5lBqlFfD12c97yXS8N0zSNxrY2Ah
Awxtba5t2/mM2p9gu8b44bbL0LRK721nyjsqZMXBn/K39YKwU57OLdw7zqpxFoX81oyyXhiEsLZn
KCEFlb8F8nJb1JthdntgYXsVxW1FlUzBQ1mktV+w68osHfkqp7KYTJC5NLIaqvmZCCQCicDyiYCx
grFm3PS9BV7tiA6GnfGIF5WFT2OS4yzEZdgaX4xjbZxy3bPOYPJM87JH1PDysXWkGbUtr+XxE05D
AktGPXvG+Wk//tGPKgmIULHbBEFX7c2wZ5yv4xwrkzTnKTpDiH0iHTsHvJW5Gtox5p8SB3Yzytmz
7ABjv3jXhj3qrB0EGU8O5KB7S0tgY7HHr44FVJ4Fqwd2ZIqdzMtAXWBiEoogdXa0xVZvsHzVUUfV
87zZTjBkO7UzlKs9F890bj8l1/D0Ej8TOb9h7BkOAiYxa8duH9sxbW/rtCOXZDzJgbmMLY5tLmMB
udm1I2Meo77q6picy2P7vzMl2YtrBCFAbiwkI/wsOtMBzhK1mG3ewovj4ZjwvyRkVF6Ccy7Josmr
rWRefNOIFZ5EXtyn3Xi4aLOlSSYXZVvDU9usHDjRyQ0n8muepK1GBjnIA9B2f04GrQ0WZTkXR17k
x7mgF0Vft7XcFvQ9Y6zRh2FFD4SQVc818msb4mNBQE8IfWBuRr55tcMXuWF+CTvPcsgxd2p4L476
PZ95qqN5qJdpmjc7u49erecoxnc4GL/1U7Lmnjms59gDXkZ5engFD4rv+j8ynz5cJfo8hxa8yV0x
73VGPT26rOLY2ghePPmMQz3VFVfkxUf7hK7zUiTbgS1gkUHnUJ4X2/tXCh1tCzWewtg2IrDk/W/b
MH5hdOhsHq89pd/KsbA+1Ue7IsS9tOlDH/xg1df6XHWkCq4DT4LnMhYMjfJOCC4Ej8bWs9jkiALc
BC6EbDiP1+fWQXY6YgbpuTDtwgEf//jHPw2A+U1UJRWI6yLjAftqcGMcAxkAGsLLHqy6alwVEzSc
wQszykARdJQnQiFZ4bW32SvZGV4MCM/yDGRwiO9PfG+Fkb88KC5GdcujJrqc/UfACFZooLJxEHxw
1B5e8qEttBOvuTFBgLWzcyikimHcq4NldCRtKVghswohjtUNK2lWkbWt9hd0TFtNpC2QH9522tZh
sP60lUFCPN9boBBNmJCROrm4ZErnrivEEXGdGJxMjOQpbQMLgo4MISYpV2dKStcfeTGgwcIfIrTm
HXVSL3VBWvrjJQkbW1R4HpJb6ZIjdaV8pVXdkgM36WVIBBKBRCARWH4RME4ay4ypneMgY7TaIsak
sGOMvXVMCvvFeCKuP+OKMcw1oY2hxjhGn+A8Y9fZPi2PemM5/s/EiR3CToAtkgQZyJZx6HanvSke
jI3ZiFiLxSb47AO48lDTDmwctstqgfP+Qf4Z69kB7BD32CEmFlbmLVYvTYHcmAiNCm8EBFKtf2Ci
LnAga/CBH3ub7LK37K5h94yfazvZYsV2qoTp3GfY77BiL8nHJ4zZY+JVWzPsODgiuG1Frp4Okb/J
jfZbGuRaGbvLVpvLuMe2ZK/SCWTKpN4cRL9nY8KTXJJHWHjWb/qhvkU5ZJB9izwQpEmPtPbgLEH+
tEfD1UK9xW1eL2Q7Q88IwJLMrxNYw9/vFuoif8gymbRAc8DcOVFnnBZ3Wf0kn+pb+2V85yGpX9J/
iIpN587LjFPtDEpkqv6gn7e5Ib2B6G5jH/lvaS+L2NGb9Cd9NynmkOaUHI/Mebu4j7ljh37KMQoZ
JNALnjMG1f6sr4f+6BqLYBnXdo6+TS8sL3NO3I4FKnZV92CM52HKPiKL4rY5f8MSx9TsMvEGh65t
3BS5pHfp50XVv+WDn7BgaSHS+ChUziO4LJwHO0adHY9WbZe5dTC20vfSIFvKzvZQV/FgwTOQLM1P
EI989RX6BVFStSMCaX5BIpxNQH16rhmwnfdk7F5nugoljg7Tgt+ud6bjHvCQP65T6PLwfV55tHSX
t88mGDDqjhPMXOtsp4Z5w6ndc719b23T2V7it2el2YJr4rd2avFaWi1eu+6zlbVd81uba+92T5ot
rk+/Wz71RvzXWebOOL535t9kyvO+d9arMw3fuz9bL+R/iUAikAgkAssdAsaENia1yrdxov3uvN85
nrT7ndd6Sq/7WNeeW54/u4/3nRi2ew2fhn93bLvj6r7gume62wjsAtfYIZ02QstnSf9UL3VsZW/1
7ayna+237w27Tkzb/Vbfzmc6r7XvPtszrQwmP2wtv9u9zvhL6vdOHJSx4eN7Jw6d2M3rXrM5pWVy
1tqnPdfyaHk3vNpzfi+tMqmOiyp0x6/l266bYyyNMtnq8Vw+YUBme+qXrrtPzshii+t7C00mxe0M
TXY7ry2L3xt2sNGHGx7q2lc/7Y5Xe67zujQ7dcKyiF/3Oql/w6LzXud13zvlqxMzz7Tnu8tr5zOd
aT+f31sZlKmz37QytzKJ56+Fdr39JkstjZbmgsiG5y0+9RWeFQHYV4J5LxFIBBKBRCARSAQSgUQg
EUgEEoFEIBFIBBKBRCARSAQWDQLzQwA+k8JfNOXKXBKBRCARSAQSgUQgEUgEEoFEIBFIBBKBRCAR
SAQSgURgESGQBOAiAjqzSQQSgUQgEUgEEoFEIBFIBBKBRCARSAQSgUQgEUgEFgcCSQAuDtQzz0Qg
EUgEEoFEIBFIBBKBRCARSAQSgUQgEUgEEoFEYBEhkATgIgI6s0kEEoFEIBFIBBKBRCARSAQSgUQg
EUgEEoFEIBFIBBYHAkkALg7UM89EIBFIBBKBRCARSAQSgUQgEUgEEoFEIBFIBBKBRGARIZAE4CIC
OrNJBBKBRCARSAQSgUQgEUgEEoFEIBFIBBKBRCARSAQWBwIDW6azZ88us2bNaj/zMxFIBBKBRCAR
SAQSgUQgEUgEEoFEIBFIBBKBRCARSASWcAT69es3zxJWAhD5179///o3zycyQiKQCCQCiUAikAgk
AolAIpAIJAKJQCKQCCQCiUAikAgsEQgMGDCgIAHxe72FSgCKNHTo0D4j9pZAXk8EEoFEIBFIBBKB
RCARSAQSgUQgEUgEEoFEIBFIBBKBxYdAX+SfUnVtAUYCzo/L4OKrSuacCCQCiUAikAgkAolAIpAI
JAKJQCKQCCQCiUAikAgkAp0IIP/mRQDmS0A6EcvviUAikAgkAolAIpAIJAKJQCKQCCQCiUAikAgk
AonAMoZAEoDLWINmdRKBRCARSAQSgUQgEUgEEoFEIBFIBBKBRCARSAQSgU4EkgDsRCO/JwKJQCKQ
CCQCiUAikAgkAolAIpAIJAKJQCKQCCQCyxgCXWcALmP1Wu6rM6B/z6+A9j6YWbN6fyvMcwGunSM5
P3vPn0s+i+vZvurX2z3X57UPv7f6tDRnzZr1jCiud4bu6bf73a93PtP9e3umXX82zz6bZ3rLr5Wn
pzT7uic9bzT3XOez83qmlaOnT8/66ynNnq73lEb3a608rneWs3u87r97K0v3eD397g2XedWhp+d6
Sr9d66uMnfUWf0Hq3tJfnj5h373/P9f6L2h7Ptf88vlEIBFIBBKBRCARSAQSgUQgEVgyEFhiCMDG
afTxxuJ5ItZIr5nPE8E1zwIsIRFg+Jfz7i+Pjp9aBg8MMiTKhTKaMm1m2Xjd4eXA3UYuVBLQpH7g
wIFl0qRJZcqUKWX48OH198KeuC4ueE2Y/U2cOLFMnz691s8rttWv1f3pp58ukydPfkbdOwmjQYMG
1eLPmDFjntVoacpv2rRpZcSIEfWZhqfPRpyI668F7aAs7g8bNqzMnDmzK26L09NnTdONuR2wM81G
GLjteiuH63DQ7sIC59eRV8vPpzSfjjTJbfc01Y+MtXboxMK9GVHfCRMmlCFDhpQVVlihq/6tLaQ/
ePDger3Voxa+h//ElaZ2mDp1allppZVq2TynjNrSPfkop9/yabgoo9+tbi0L16TRrrfPFtdv34V2
TZr+nnrqqZqPsnTGa2n77H694hJl645LZx3g5U3wrQ7ScV85J4wfXwYFZuK0crV85EXGfLZr6k0G
xe/ExX3pdaURz/Sf+1x9OP6TTvc03Ws4tHjP9hMWrazSUHZlEuDrvrw6r7d78BC636sXO/4Tz1/3
dJpctKjzSkc5H3/88bLyyivX9Npzz+VTmcaNG1d1ivL4nWHBEeiUoe4Y1nvkOrDtfq8zp77S6Iy3
PH6fX2wWZjz9QXr65bIUGkZ9yaL6tni+9xa3M05f8ehROPaWjmczLBgCndgvb7i2sZNt8WwC7JoN
Ti6XtT7+bDB5Pp6Bc3fZ7Ona85H385kmfSb0NH8jV+Sp2ZELWo7u+PgtdMexr3Q90ynfzc5+rv2m
rzzz3tKPwEIhAPv3i4lTvzkTJ4I4a/asMmP2vIkO8PWf66k2dVpMDOPfkMFzJlkL6qUmnfsfm1xm
zZxd1h85NDrj8jmxgcNjQfxdccsTZdTaw8rjE6ZV8g/Ww4YOKhdd/3jZe8c1gxikqF19jmGuwj/+
+OPLhRdcUJXWwFCIr3n1q8uOO+1UiRo5tMlmp1Jris591/3uvO+6a+1693vu9xVa+t2f6+16T2mJ
i4Q77o9/LFdedVXpF+UcGmTPG974xrLZZpvVAeGEE04o55177py6x0Dx8pe/vOz1gheUY37/+3Lh
hReWVVddtay++url4EMOKZtuummfxkcrmzTPP++80i8mJWvEs29805vKyJEjy1133VV+8P3vVzwj
wzI4yKd3/cu/lHXWWafidM4555STTzqpDkb77LtvefGLX1yJNHF7Cga2O26/vXw/0pSWMDPIok02
2aS85rWvLd/59rfLUdGWm2++eU3ziSeeKN//3vfKm9785rLBBhuUP//5z+WC88+vdX/B3nuXl7zk
JV3t1Vt+t9xyS/npT37SVYchK65Y/vXf/q2sttpq9dnTTz+9nHHaaaFHZpcxY8aUww4/vAvbyy67
rPzpuOPKtDAEdwr5etWrXlXJEYTLjTfcUP4Y7YTo8vtlL3tZ2XuffQosT4/0Vox8kHVbbLllxaU7
odVZXu1gED322GPLpZdcUvOHz+te97qy3XbbFeU4/k9/KhODkOsfeSnniw47rOY7Pggz/eHOO+6o
+X34Ix+ppCM5hPetUf+f/exnNX1k5Ps/8IGy1lprlV/8/OfltttuKx/56EfLKqusUi65+OJyceT9
nve8p5Ke5OmGqKOAAHyzNthwwypP0v3pT39axoZ8eB4Jr/yuX3/ddRUXZKW+CZe99tqr9te/BDZT
griG10EHHVRlVPpVLqL8v/3tb8u4IKHg9ta3va3KASMIPv5+/KMfVULpve97X83zbxddVHFBmJLd
Aw48sBwWuEjv7rvvLv/3v/9bsWx5vDvqtvbaa9eyuibNn4RsPProo+X9739/TfO6KP/JJ55Y3hMy
og2fraEF/9tuvbU8FThERtjIMnrjjbvIMGTbrXFfWbcMGYEhww42iFdyq+76gv7ckzHY6qkdYLZx
9KM111yz1lnfue+++ypJvUK0wzrrrlt1Q0/1Ycydc/bZ5fpo73e84x0Vl+56DF4tKOM999xT/vrX
v5Z3vvOd5d57760y/5a3vrWWvz0r3hnRv4TXhCzPeJYTqpbv8vipbYwJZFwb+936xMDAd1KQ3+QG
oQ7vniab5ES7WzQi822hoydZWN4who2Jvj86Gj494cKmECwIaYPWDt3xIvue9+mZnhaA5HnnnXeW
B+6/vxjHesqve7pL+m91pYObfjd+9dbf5xdzuPjTJsaSgZF+d1IGzqeeckrZZddd65i+LGC5uNua
HoEjWdcnetMri7ucz0f+5Pjhhx+uNsE222zTZT+0vMgueewuh+2+e/QzG/3Bhx4qe0f/3nCu3dTi
5OfCQaDphs7UerrWeX9xfjcWkI2+dBT5uyNsYXF6mr9dffXVZd2w5diEfaXTUz3pSn+tf4vT0iC3
8xOa7J991ll1wdjc03xC3dicbEH9Zn7Tm588+4ojH2Ox/qhuGZZcBJ4zAYj4e2LGuHLlpCvKA9Mf
LMP7DyvbDd2+bDJkkzqBR+r1FpBVEyZOL2de/nB5aNyUEPzZZa3VhpQX7rJWWW3ECvW3PkCg5nSU
Z6bkeckjCgZEnCtueqJMmTqzvG7dYcU6UfdnqreJRyKf3kv1zDyWtl9wuOu+iWXokAGVEL3xzgkx
oS1lehCje2y9esXrwUefLqPXXanMDKL2uYZBkbhJ/zFHH11eGxPK1UIJjh07tk6Q4E95+uMRNCA+
kT0UrnutXSk8yspkyGdTgJRIm2iZTInvns/2XfmlL3Tec42xJL3OuNJ0ncJlOHim5VcT6faf+CcG
+XBaEEjIH+SfwcDkz/OXXnpp+e2vf11eHWSZiT6SQ5mRQldceWVVyIcE8XfDwsNCEQAAOaNJREFU
jTeWz3/+8+UTn/hEF3HYLav6U5rXX399+fEPf1jeiOBZf/3y0yCLfvGLX5T//M//LI8/9li5MtJ9
z7/+a1lhbt1MHtUXOfj97363/NMrX1m9hpBMBqbdd9+9V+PIc49FmtrwQx/+cBmqfQITgxmy5aab
by5/+9vfylZbbVXzuCnqcVHERVpdccUV5VdRrjcEOQlP+SEp9wnSrTdjTH6MOXX4wAc/WOVAnbWT
z5tuuqn8KOr+mte8pg4i0kQ0IpMfCuPt2//zP2XMAQeUjUePrmSSge5FL3pRHeS+/JWvlN122628
8IUvLPc/8EB5LAgdbQ9PE7t3vOtdZVKQP0hCEyGkqrbqKWj3s848s5JZr//nf654wrfVC2YbjRpV
yaAHI68f//jHZc0oi7qTL15zZODsIGRhpX4CWRsR5N6+++1XHojnfhH1e2eUC37XXHNN+WsQcupX
6xRk0UVBIL8vyLU/BBF5QRDsrw05M5Ejg63sMDXQn3HqqeX+Bx8sRwbpu8cee9S6k8evBC4vCKMA
AX1vkETINbiow+ZBSG8SRDbyCAm8dhDJO++8c3nyySfL1/77v8vowPkV//RPBakJE/1W8P38IH5P
iYkeTMijNHkK7h55rzG3L/w0cCGDe+65Z3kiPM8uCUITsTcg2lp8stsCjNw/9eSTQ49PrcQnXB55
5JFyTuD4rne/u0Vd4E8Y8VT9VsjPsJBrkyjeomRgjTXWqHh+65vfrO2MXEbk6A9IaR5zX/va12rb
Ie5+H7pOm8KGLmtBWZHNSLj1o99qn0dC1hGnJh36GEIVuUhGpOuetmpyJS1lVeejIx8LDfoF3GEO
MzLU8vXbfX9ISm2CMJS2fvq2t7+9S6fKQ/zdQh989atfLdtuu23Zbvvtn5F3q0t+9owAQsXCzLkx
mdQnEPF01WZBCsP3uFgQuSomBNFg9d6r4x791UkCkn3916KSfqtN6NeXBDE/PPpDX+NRz6Vadq6S
42uvvbac8Je/1D5iPLEApY924qKv0WO/j0URfcxY9eJYfLI40/oGVPSZi2MhhV4VR99ab731ypER
d0R41rY0XbegI7/99t9/zhge14QWp/5YSv5TH/bUH/7wh3J7LCrRZ/vHuLJfjDvd61Mxj7GH7qKX
LMiQW7qvxSWj0vtJ6PPxscDG7jMO7R9YGS9aPGlZxDouFumMA4Jn/dFhbfxYSmBcIooJU7YHG8Di
Jo9wC5/sj069skQU9nkohD58XegEOvfzX/hCzYG8kSV6gL6YGnJL3toYJ5L7+oE4xsJfh51uQZiM
k0f3hCa79Uf+96wQgKc53s/DnqWvzYUEtv6xxxxT7RA2l9DaxfeGveeFds9n++56i+e7uC1+9+ue
aXF8+t3itvRaHH3HQsX2O+xQCbPWl5pciOdP/zsz5gLmDFtvvXWd+7U05GHh3pxr33C4YPP1Vj5x
O4MFFPOpX/7yl9XeHzNmTH3WfBNXcWjMa4xl80pP/1C+P4Z+2CvsTPqXjfq+sLPZ+xwDvhL2Hvta
uVv9OrHrLJfv3eMoQ2edu2PqGel5jqOB/gaPzgX77ml6pqXbea/VV36deYqfYeEi8JwIQOTf7VNu
Kz959Mflxsk3lymzwpOk34CyzqCR5RWrvrIctkp47vRCtenvvPWOOfPe8sRT08u+O6wewtOvXHx9
kBHXPl6O3HfdIIzC6Ihtq09PnlFWHDKwDF0hVtODvPMsIRkf5KHvKw+LiVHo8klPT6/x672npgWZ
ESTPgDnbnKQ1MdLhaThi+KAYFEyklj0aEA433zOxrLbyCuWyGx8vTwUm/aLuOud9jzxdRq0zvNx6
z6Sy6YZBAPbMfSyQhFGOl19+eTW0Dzn00KosGeGCzotk4EVl8m8gNtE5/IgjankYpyZRT4VRsy2v
qiDTDNAIM+VluJ95xhn1OwIQwYhMQBJdEXkaaCg1hgGlc0Ske2WQUu6vEIPNdWHUbrjRRnWChngk
F2dEejwVERRrh7Ev3uHhYdaUf/fKU0ziG9BeGB5S0lA/9Rau5hUY9ULYKIt7VXFF+acHiTEyjGnP
7bzLLuWT/+//1cHwE5/8ZPdsun6bYCKGnggC5uCDD67eSYifq4Iwg8nM+BscCp/RzbOQglUm2J4d
HkNIp5e89KW1fKcEkeJv9yBf+grqbhDhrcW4VH5pGrB3jMGRJ9qbg4yUh7bmHWhycFIMVGtF/Xh4
iY8wc43i97s35c3DkOfM7kHWmUQ0clcZrWKtqE2iLWF/YngzIl93jbiXh9fd+Jgwv+IVr5iDS5Bj
JwbZov0qERV4vy4IspWiDtvH96kxGCvDtDD4tPcBMQEyiF8Yg9NlQTTxYuwtqOulkZ8JPs84v7Wt
ejEydw3vBsSqsmsXZM21IW/qznuPrPqtPp1BXO2GpGyekK4JiCdGPW9FbT87rk+fa1CQAavW2kid
lIW8eVbbITmjkJVMOjfIMh5+yvrn8EQMFVnLo6yeQ17Ly0ohOXZ9xx13LL/7zW9q31EvXo9PBtZv
+K//KkOijVaMONqDrPhEXJik66+8NZXJPeSWP8QesvW3kSaDRHnIrkUAniHu+1NGdWhp8u6UpvZs
wX2GVW/y1OLN65OueSj61sejH5JfafKcla72U34ecyYTn/70p8upQai+MQg4n/fEooZ+S198PchA
BtbHg5BvgXzw7vtZGFtHHXVUJVylzzBDzKkfXah///Mb3lDz/MEPflD+GhgiADuDNjk5+q0yaguB
IYiIfzSIQavQW4YelSdZvCiujw99oZ1nRJ4CzLQzA/P2IJvIjjZWR/13t9BHiHB6N8P8IVD7fuB7
eowhawYhpW3IBuL8m9/6VrkxsCZHbw/Slb4xYUfwfypkCe4COdBWX/7SlyoxaGxATNOb6wdRSEdp
u+UxtD7yjehfO4V87hk644QgVP/v//6vLpzBX19tn/8b/cc4+eIjjyzXBAmgX379G994hletNG8O
e+DmWMh6c+h73pmIPv3p7UGU6yPimKiyKT4Z+g7++iCP4MiwrBr9UFia2oVuYF+dHfrHWKR+PwjP
fQQnG6yRpOpuscECh8UzmBszfhiY028Na5+wOiPSOzxsHZ7ndMs3Au9vf+c7ZbUY0+AjXzbWRmF3
Gedco6OMJRa+2BStLyyPMr6gddY+iNf/icWpVQLPA2P8Z+9+M35b8GRHLU1yuaD1F5/s0ZH6I9mx
uMXGajY4+9yC5Q4xvolLtt2DnefYcGxHNrwdMc2z33jMfmbztv7wbMqXz8xpI/aO8fDwmA/QMwLC
2jW2Nt1NF8C8HWXjeCPyq13dZ8uyLbUJ+9bz7mtDn83mMZ9kk7a282xrd/n63tKTp+f82c0yPNLS
byzS/+53vysrRxnYWuTFHztRn6O/xCNTrpm3II/JIQcJ1+VhIaqRyvKgJ9VBmdm4vek7ebEZz4wd
GQ/Fwv0uMafjQMMRAAFo55M46i1PeJD7TllVBsEcbe2YG5NvZfEHS2VRPkFcf9KSrjp3L1tnHH0I
BvCTDt2tvuK4JrgGU0yKuO7pV8h28wDzdZjIDybKbkdbRKz1IjPSIA+uWZRzTbuTDenJM8Pzg8Cz
JgCjq5TxM8aXrz341XL15Gvj15zVFMV8YuYT5e6Hv1lGDFy57LvS/mX67H88t4GA3/nQxHL5zePK
/3vTVmWD2K6KkNtio5Wjo/HyKuHRN66ccfkjQeLF6sKUWeWIfdYuO2++Wpk+Y2Y94+6O+5+KSU//
sskGw8orxqwf5EdMsp6cXH56wl3lzvsnljVXXaG8+cjR4Q0XXmrXPVouuubx8DzpF0TiwPLaQzYo
w1cMD7BlSLZg9vSUGeWehyaV3beKCW7gtN0m0a+iTVRzSBCoI8PD8ua7J5RD91pbUz3nQDltEhPS
X4YnmO2ASAUdvxEjBmCKhgeSwHBBBCCpTJCOCOOdtxYD3RZKK0hWlSngz332s+X1r399XaG5K7bn
UDqUEq+mv8TEGQFIudiO+WgYuLY23hbbWf8nvHw+9u//Xom3L33xi3WrHcWIHPx6eDX9S2w7pJw/
/7nPlZ1C6brXXRF2AmPLn22JVmoYyX5Txp7ZOLYQ/jA81hjMiItGftTno0EQHrCg5GCj3JSzcvek
2AwyOwTptktMgKy2G0gRKDwMKVF/D0VdvxgroRQlg9BWXYrSFtgtttiiKmD3tonJPTJoVqTZV/Cs
djotBmqDKpIMEcVr66Agoj4WW0oNIhQ8EqLlp80QOwY5ddkmPIpsPzZYKGdvQd/nzfepT32qYoHw
1ZYCIgu5IT912C7S5C0omHCsF5NkgwiS1xbgH8aWUuTvxVEuJCHCVf7DYvtm8y3rHzLzYAywiDWD
k+2ZvDl7wr9mFP+R602DKPljTKKQOnsEFrDVjvI3EAvqqaxI7M3jvnsGXl4U2g223YNnyDEZgkUL
MwN3sm8r2rWx7dUKYVWEEYGHkRU+W0qRv2RQOsrp07bOnUJulFMfg4l24VFnZZzxCxdlawaw9hSU
RR1MjsmzYKsxItXqJu9Az//be99bDR/xeTyq72bR90+bS9bBk6xLCzGLEEE8Ibj0FVgw1D/7mc+U
aVGW/ceMKbwrlV+5bAtH2GtzctQZesKx877v3eN0tq/+Vg2QKAfjQjvpq4wMK9cXByn8jtg6a1u/
dMi1vvOGIOt8InZ5y0kT2f+j0HV0lHK7pq3IoLrwmHRd+44OPKWnnXiq8yBkPOpvnjOR7iy37+Qe
mW4rr3QEMkjPKdePAnv3to/yfDcm3xY6dg0yin5DektDG5FzhBSPJ56Hb33LW7oWXw6KPvfvH/tY
nfx3966qGeZ//4BAbefA9d/C25UnuDHEgssXw7Pb2GRCwUMbqapdzwry/5bQkZ2Bh6yFGqTLfwfp
Ig3p0mX6K7lcXoP+4sgM/fStQcSb3OkrHwpvW78bWU++7w+PblvkvxVHVBgvebW+PsZB49NLw7ag
6wRxEfprxTjK1tAPLdrxwNRXBfkirdaNfkInaI9KnkX7Wfww5vxLHLNB97u3pAf1ol+Oj8WUN0Wf
Z1eRK7sVeELy/G1ypu4Wl0zALH6QR2PbR8P7+S3xrPG01dkn+4SH+lbhCbNl/P01iGsLPavPnUAj
ZxwJ8p+xyKIc98X2s29HG9H/sKfv2TZ92VtLOr6LsnzGLXbPdWEX/fJXv6q6nC3wpliYct3CMlyX
9WActJXRLhqLYEib//iP/6h2nUXuydHHyRSvffMKY7P4dojY0o+EogvY368Mb61vfP3r5ZGwU1hf
bFzOAymTz02K6Ad6l53TAky1BezpGLss2LAcGtiJbC6L4exUOydWiXZl+24bW1bbfMK4+pGwVWxj
ZYuyedhI/v4pbC2OJ3Yj8eb7UBy3Y2eUBVrlYOfzbHbMkTHaojs9byeW42+uDtvJQhKyzcIt4gqZ
xi5X9g986EN1wYTHMxKZ7fpwzF3MeXnYkUt1E+i7e2JuakEQAsYdxKc5o8Veadrto9yC5zgn0KXm
ib8PT8l3xy4X5RRXesZCxzCxmz3HGeFlccRU6/PyV16OMiuH7j4p7Ob9wlZVVo4ZkUnNR150/vej
HPdGGc3xdgu7HD4tLXHo9x+HHU630D3mGq8KXL4aiw3maNpAe375y18ubwzbmPetI5sQpRYw2aXG
zhtDX/13eB161qImXNmvkDIncPQPeRHHuO6oG3MC44Ot+tqJt7oxqY0/FbT8b6Ei8KwJQN5/Vz59
Wblu8g2V/Asx6yqY7+NnPllOffKUsvfwfeJXsLi1S3RFCeEKEuDxKWWlFeMspDWH1pXWkL+y8tDY
7hSfdAivv8P2Wqesv9bQcs6VD5dTLnqo7LrlauXa28aHd9u48q5XbBLbuGaXex+e88KAcHQrdwf5
td9Oa5Y9t1u9fO8Pt5X7H5kcpNfgIAwfLK8/bMOy0chh5X+Pu71cGGTg4XuvE+TIsjN46sAPPzFH
Ad9231Pl7Csfia0afydiEKuHBp5PPDW1jI8/npPPlQCllJAWFGX1AAsFhCz49xicGdNWgikzhA2v
I98pf2Qd4xMxyFPOSoiB4A+hBJEXglUeZBkC0cScQqKs/HVXCq0VkSjrhNF6ZBj7lJKtKIgqk4Jz
YiK/aaRzZAz2PHEMGM7H6SvUQSa2W1CkFBN3diSJ+tnaxbj4aBBkJhCMDGV1BhsPse4B2cBYrgTV
XNKsexx1Y4SblPOARNJQ/htGXgYkk/kvhfcIYvDOmOAbHMRBOkibMrW1zASToY/cmFcw0MCZgjZB
NThMj4EAmcTbyIodhTwq2pKBb1AwmBjQ3WttYQJr4uGetu0pqMPoMAC+FAMIOXHmmjMFTdAQK55n
3FmZ8yIQ7d7Ikqfci0mhiTXCi2cDwsOAZKCEg7qY0PDysA1TW9j+ZJsYz79xMUE3MCPoWrl7Kqd2
Z1hMjDwRQM46dGbbf3z842WTaH/1kJc0GDXIR+RMm1hJs6/0e8qTwcJLgkydFMYQTw2BFyAiymCP
xPxdkDnISDJIDqxOXhPbDv89yqZt4GHbF8IK2bVqpEk3wIxnHfnl/dKMF/L4zfDkGBP9uE3OtK2z
TV4a/fSlsV3uW+HhhPT6dHgzmaTfEenzenIuJmOntbd8lIenKCJT/28rjVYDvxCyS7YZSoh6K56M
OLJOFr4RWPKcFKQpvfkNDKeGueeQYC34rU3d55XpLCDfvxATCmSxftKIMO0KV9sYtCfZWjN+i6/d
V4/yk0npwVCg1yxkmHAgQREUjFqBHCJBee6ayCHerJqSZ0ZnM8DEVU4rtPojEsk9eg8JLh0GFe9Y
JK5VY6T9F6MvkQdnW5LFVk59qp2tuVLE/1P0CWSA++tFWgLPIGXuLEO9kf/1igCPMDLiz5iAjCdr
PFtts/xgTAwQJxYbPhpt3YktadY3PaNfkFltTm/71DbLa1Bzi3smEs3TwZgDF5N+8t/6gwUkW6lH
jRpVrxlbTezGhqdu9zAw9MjtMX7RX7zrkX+fjMWnhj19yXYxnmhH7WZB09mtxr+rQsd1tmH39JfE
3xak2FG8fQW2kEmriXBngDldzK6AIX03evToGgVBAtNWd+3g/jFhAxm76XjbrtlB4tCFjqzQdmw/
euuEGMfoys+FnjVZbONEZxnye+8IwPy+GEvYNu2sXLoCxq6zO5aHQE6NiS8Km4xu/UrYEc5ERrBY
xGdzIA/YoOwIsoZs2Srk0DjIO9AYbV6ALOLt+70gatgB7OYMzw8C5Lf90bfGS3MMxJ/5lwV2DgDm
ehaSOW44RoeNRG+I94tYhLYLyA4G55+zkd8c7c4+Rawhwdm5SCeB3qHTHPFijLYNVl4fjrkAUszi
hMX5A2IB2qI6HbZ3zEPb/MpiDxvPcUN/CZvJtt82Kr+ao0LU6VOxG4QdbKdOC8Zui7MWsZFjx8Wz
HEOUm30Wg3vNo8X3KV07nl4Xsss5hT2o/Hb/KPtvgjizY8A8BqGNiLNlmV5XXvp4a2Rp/DmC6NDo
H+Y65L/pbfnUuUPY/9fH9S+EU4wx7hOBAyePlpZ82SYWiSxOIj3vivHUHM89i/IWKi0kOUvbIqij
qRCh7BnjpHjmEeeEjW08teOIUwcSlkMP78sPx9FP5sccYizYsZsQh5x/vhnE/HsjPf3VovcrY+5t
PtxZF/XJsHAQ+Ds7tIDp2ep795S7Y9tvnKcQ/7qH8H0q9027r0yZPWcl9h/vB0M+3VaLYLrjcXZv
/RMxvpsMb+glFk/GlptLHiq3x7l24ydNr1uAr79zfGxhHV42Xm94nGU3rOy9/VqRG8Z+dtl24xFl
z+1XL5tvMLx6+E2aPDPOwptaHh8/pdx291PlvKseKROfnlHPx+tepqX996AA8vbY/rvq8MFl7INP
xzlaccj4lFiBmfs3KT4ffGxKrJCEd8hDk6uCea51pvQYl1bVbEn4WnRgg7CJKMVPEVGWyCWrN872
MpALlAWD0LY6g0IjJEysTY7eH4rib0EMfCAUwidjxYbSohSl2xn8alcQgSZoVuulbaI8eS4JZrBn
PNkOLC+ExLwmXBSPyTNPROco+OPlQbErh7q/NFZkTMJtPzJw2MLUJhetnOIiVeTtmd7yrYo6BjtG
yldjQJAfz8KvB65wY3hbgaf0vXCDArclTaCQ5eH8HmeyITU6CbpWlu6f6ghvE55PRlt9Ola5EKaI
J4YnItFg62UMjCmTBeXnLWjlVZsIyjc0cO8kXrrnZdBaN9pgTAy+Bi3kD+8NK1gwIjsmL2+JAd7g
b2B3LmG9F/mpH6IQETc1Jm5IFYQLYtDLHZTLChMjEVnmt0ESGfbvYVx8KWTUGXnfjbMSTfyk21Oo
9Yt8DfjISgOimN+L1UehySFijFw6z5C8ea6v0Ft+7RnemodF/QyaCCX5aB+TMx4Z/x0y8YXw/nQm
kAFTnia0Js7OJrPSxmAwSLsHm/rSi8iANxrCzYqdciqLP6vhvP8MvPqkPMnoRjGxY+BsG9gdGoaT
lUZGmfMpDeT65iUxgE+KNuGNo98qK9LvU7GV7rtB7DJGHAEgXd48FgvIE6OLoVDPVok6O/cREYc0
k4/JqzTJ1Lwwc59c0Tl0xfvjzERGY5NL2JIBk3lnADIyYajctpjDyYJA95XrhoXVWfVqePnO86sz
fXnou/q960hD9fhteG3Ay7PKwGPyg7FY8ukwhhh7VkCR9Z1pkUt5tr4rP4aQ/uf8RJNqgT5DgjDg
xDUpVGZB++pLMCcDWwSZ7ExMZK976qyNtee88K0J5n9dCMBLW1ukcM6rl9PAXftqd2MZ71ky3F3H
wB7m2kSb++1PaJ9dGS1vXwIHY3U725bcw1Jf69QD8PdbHzHW1P4Y38m0xZ3ugd6eGWnzMDCWGLdM
ZvRV7eh8MenZ0u2adHi0OY7A4qFFSn1paWkf+NhlQSeqXyu3/q7/PyMELk+HvqE/PFcxj2fIJry6
B2nR8ybXbAHY8RYn//I7NcZc29phWMf6sLFuD9LRtmILDSbT8sgwfwhoEwuhJuNNX/ik96dEX3F/
eQg8kyxcshUtCu8btgMbmX3PJjb2uU4f0MMHhjMBssdOFvdWiz9jIdvVQh+bCJGNaJFmyuTzL0Uw
pkedY233As9t46Xr9IkFCra5hUwkHz2CQNLuTwZBaDytO8XCPrYYxLNM+9kdRv90apU6ooauEqRt
Fwxb1lniI8J25cjgvGtzJvMF3/UlCxcWtXmRsrEfCZtJmBVpKAvv/voZNqxF2WZveZZuvTaefTgW
Zjme3B3kmTmveZgxxPEKPckZPem+hS8OJvq6QNeaN9utwaa2iEx2zcXodUF65NvxAPqBOW27Xr/M
/Y/OuCr6CwyNfchLxzJYEGvzNfmxW+gW9eehiRhVR+cRWhA3H7PorLz0uXkJ3d45Tpp7medqN+Xl
/PNEzJE4ZnCSkQZiUTBOeGkmedCmZMAcgfMDXIzLGZ4/BJ41ARh+WGXlgSOCvOstiVll6IBhZVC/
OYLavQo8z1YOomripBnhbTRny684zurr7y861J/OuTfeZjuubLTOsErsuYYcdC7g8PAOrL/jmcGD
4/qcW0EIhFEYwt4vyuU+oZ46dUa8XXhgGbnGinH+3+By0B5rl/12WLMaSd3LtTT/ZuTeEZ5/w2Jr
89gHJ1aydHqQrO0v+NFy1/2TAoN4E2lsAw6YFkqghBBuvGa4bTuTbWx0cNcph1GhCLjmOxvJSy10
7O6h05DRZn4jh74S5AsywaoeF3HXKSwGAcVEsY0LRdYZXGtBWnOGgVLWCgVpK6ggjgl0Z77tme6f
0jBwUWxWcxBwVtLVT12s4IwMZYjQ4l14b3gzMkIEZZSHNHg5UWxtYt89H7+V69ZYheHOzVWeAkWY
eKMsZUhhep4x77NOgObmNSqMHSs4vHt4TljlMrg1Bd9Tfq4pm3IaSBB+PhlWrqujF1bw2qTAd4/V
GvmKv1GkrZ0F5Zbf+nFN2TzbW7Bdkry0OnhxjXyEUaNH1wkDzwODHs9DK2qCAeX+wBZRZEXtlpAJ
kxBtg+CzBVJ7IET2C9K0pakszhpEcsKTgaHc8Oyr/RFCJupW3g36vKe0g3Q953DdW2OC+F/hFccL
ogX3YO4v1FJtM9+Vg1xoQ388LeXRubXMC1h4fo2KtkRgdhoDTQateFolhbegXQye9TyUmJztEEbO
eUEGymv7KDeDAS4wM3C7rizajPcl79vPBCHVvCLdg/+Aue2krbWVNDy7aaz2qaNVvutjq8CkwPGS
IBzhqZ7qoyww0We89Via7jXZFcfEHuEJT+QcfS1NXnImpchAk1AYRoaVDGjYMYBa27W6MBiR317K
wIuyM8iDTJMhRgu8GH2MHGVSXqvGyggX3ovwYAzRa4zB1q6MOkYkTFqADXKPXPHgY0g6Q+vF4UHJ
6BL0CIatSXCVpzCq6CMEMowFecCGHCAjBGkziv4nvH3/ORYiLoi2ZaCpjzitXM0orA/Ff+rhmjox
Qn22fMieiby6Z5h/BBrWv4mzLXkvWJiin1237Z1XJi9WL2w6KkhbHtoIP20hwJ88afemR1qaLc78
l2bZigkHk/QnwpuHnoGHvmPngDEJXq7p78YpE65GYItv4YOOl05n0Edsm/RCnPfGMQYfCgLe1lVb
ufSJk8M7hF6kF/Q1/Q9Br12dk/nx8LSmJ5am9qGb6C79Xrn91XP4oo4CjFzzCUseOOruGkztAKCr
YN5C0+EWe3lsWNj1LBuPXqYzTX7pKpj745FiYfGe8F75TIyTvJCbDmrp5mfvCMCczWInAn2tvXw+
Hf1itbju/vIS2vgFA0Q+HNTfn2udgdcQmewKHffZ4DxS2SuOS+FV1v35rufyy3whoA0a3u0YEouq
9LL+3vo8m68tfrVrLYNm27murdkmrc1pIWn507byazqOU4nWb3/Sq2m3No+4dLr42rnanR16jd1J
75GnL4d3nKNT2Gc87WaHThT0MmXx1yV/IT+dga6cGjrPfMUYz7ON7mvPqZ9ydw/mAOw03qy2s48N
O7RhY4xr9RUHdpNDF3SGTtlVD6HzWvtNhzSScP0gCpUNaQ5TQfmV27FZxltHUPEWnBgL5ea9yFK6
3rzL7ijlMW8w763jZDhlWMy240pQBn+eN5YgOJ2d7GV+xlvjg/JqZ/X1XRv5873VoX3WRPO/hYrA
3/dILWCyM2bPKLsM3aWsNXCN8li8BdiW4BZQLoTa9t9B/QeX6bPm7Hlv931aodx4vaERc3Y5/+pH
yyF7rIOJKFfGmYD3xbbdF++7brnylifLUQfFGVLh0Xf63x4OA2VO51k/tgxfe/uTwezPIQ7vjW2/
G4yMbcTPCHOIn9gsWkauGme3xD9egWusskJ5ILzghscLQnroi89IYWn6Ef1szvl/gd0rD1i/bLDW
is9YEVGXqjQHDyhDBsULI2J78MzA77kGnZV7NaKGS688GHkUaFNYXqYwNibGiAbnZFGMQhvAm2Jv
13R4isRhx1vHYE0JWoFBgEjfKoftKdzCGe08bbgmC9KiWFpgyA6c+9uq4IeDiDR5c9iol45QbH0F
9fMiA8pz1yBeEBM8qKwaUujnxPZQq+D7xLkLgvMPGBieY1Azirk/ewOo83B4CjaF21O+lDDsjot0
HAyPMOVB5bw1A4HVF0Y9cgxReG7kzz3cc1zpuZ0fG1sjrAg5B8IB9PMKMLUiph2Ra7BGLtheQjEb
CL8bE1nEzP/FmXvw1UbOVPpMbKXyMgiD6sWxquQFC30Fit05FTBAIFoduiCe+0x4HaqDVTovQLCC
Bl/bQXlBik++6lmM4XYOY9tZuesrP4/F0wMbE24ELc+cKGQtp3THRjuQFx6EVn5tlYWnez0F7ade
yB5boeVv8EOuuYeAcXaIQdvZi86VQl4id7SP1TJbpGxNseKmvZCU/xv4+W7g1a5tO486wHVmGCEw
snpNTsk1L5hfhSeZ1U4rmFbQ9A3nlugb6m0L+OuCHBJeEHLxjni7LJL6qCDD3heTXkQfGUWSatMm
19zseVoq/+XRH2yRRxR6a+2v4sxL22ycUeKTt6nB+l2xtYZsax/baW+JNvTmWXgeHV5RPGwQz1Zm
9c0PRp+Tp212Du0fHTghUhGczmxhINmu09K0TeTmIBaVi6ehscLWbfW0skg+5eFsFYYd7Mijvux7
C51ti3Q+JdrBAcuwtUXXd3KjbM5WsbUa6c4DlfehLdWRYDkkiDpevbZH6xfqWI8YiLyblwz5sEJr
VdTZou18UluNGMKC9jMR1odNPs6JvotkpM/UXfCJxBgcmHhztXvqYfFDOW1pUmf6EYmpHbWNvkH3
kA1YMGoRxPoSYlKZkffiK6utv3BkEHbiVAuR//WIAFxhpQ9bQad36Wp9UNs8HjqUga5P68POjqNX
4d2CPk6f6NtW940jxkFbfXjnks3O+O255eGT7POwsP2WRzMdCeehIbMWtWCHLCezZH9QXDeu8o5l
fyDpeTG3vvQMzKLd6CttRffQs3SIrcTXh2ett4s23H1qZ2/gtuX+LaHjed8aX7XVkh6U3QQORjzr
yZtFCQsqFkjIMa8y3vv0zw4xLh0dus9YZ/GMJ/nwuXLcqU9bvekzOvux0OW2pRn3BHbR9qGDtQ+c
9AFvDObdYTwxfjrawku8lKGntFse+TkHAbLMK4YdwRayG4Te4MGmf/Qo68sgeOTlycBA/2UPWdRk
Y7hO9xpPyZvAAuhNtsQn+8ZVWxftULLr5a1hLxnbe3uuJpz/9YoA3MzPLAiwTXn3wdp5oHZFsTvE
6Rd/nRj39N219tcy9Jz28XdDzEOQTuZTE0IHIa14Elos8px5Ju/QNidsabTPlie58d0c0XdjNT3/
k9hZM2rUqLrQyvYUkIvu0610m4Vvji54jlZW811OJsbxg21rjjJZTDHuWHwRDxHW8q8Jx39+68fs
Wbb37+L8wvfEGXnwc+yQ433Yp/I3LlqA6d7ve0qzM333EZPGOmdeGkvpe+3VmZb+ZQ74rphXwfF9
sbvh7ojHzjkkymDHk7P56B59Dh5vfNObapnMxcyFzRfbWKoMHAHgSHfx7jdOG3cE5eose2/fa+T8
b6Ej8HfWbgGTnjU7PFWGbFTesdY7y7cf/k59IYhtwa4PCO+7F404tBwebwGeOevvxm9nFvrVKsMG
l9ccvGE54YIHyjVB6M2aFW/UeWJaedELRoaB0b9sPXrl8udz7ys3xpbfR2ML76DYLjwtvAX32m61
ctWtT5Rv/PaWiBdGeWj8f33lZjEAYPJ11TmBN6F81l9zxbLj5quW/zvuzjhvcEi57+HJ5Q2HbRTn
DQ6qW0Na/KX5U73vjm29gwYEbrENettNRkTHemaNQp9UD8snJ04rJ1/0QHlk3NSyZrwUBO7PNlAe
vLCQMbaCQJ/bvbdnUjIMTorLG+hGh3H5+jgbgaIUTJgNGggBE31G5R7hJt0m9TdFeoxRStYLAxjg
FBRvIVtyeWB4YQQXYqsTysIoaAcj+71tkBeDY8KsLAaNjzirMCb3lCGFy5OwGQ61UN3+o+B4CiE1
62Q+QLR64U2e0jTh5/FnS7AVd3HV3XPOMWAAnx8DIoyQfzyD3OstSJOCtUqCgIpRoL5hT5oGKYqV
p4kWg5fDVHk+wYWh+JEgW0z65fG2IGVgLM3egnhWmJF9vMYQB5Q1Be1sFQrZ25KRp7ZzysMzrjvz
7p1RTufjCW8JIwrJ1Fd+6mAAVQcDHFn4QBzybnBQB21kCyeSRB62MsNRmspk668zDrXFP8VAaCXK
c0i1zwTxQibIGiPRCpc8pGng/EuU03bzfaL9Dg/y0r3OAacTI3VkWHjrISNRXESYdiBXiGAvq0Cy
3Rl/vFQOiBeymOyoH7LrsSBpTPCdDwlLcmkLirr5U8aPxVknDARpirNeDPja2CCKROIJKqi7szls
u1UWBsZro28xMpy/wSNQOurjjELnaZr02fqAXEWoMm7k+f7Am2ehlVMDu8mzlxXAmJcjI8SgjeA4
OUjoc0J+5cGDRvr6rKAt9aMx0TdNOGs/irIhruGnnG8PEs+5PepkKwYyVLBK+M4wGBC+8OpMkwek
/t68frTDzkFeeXmCNOkD5xoyMhGSrQ279+N2XX7IN15AtkY7C8xvpCMZJj/0FIPm57F1OBIsb37L
W+qLP9xTP0SB82KiANUYQwzwomtBfW2f+K/wVj46CDneofoSg0/a2pcn9HqhH5B52kG93hzkQnci
mrFMVsiNybt66KMm0OTKEQcIX3rSdmKEtheuIEmQ34J86QUGH2IfKfXPc2WXnDh7ha4iV8qWYd4I
ID4eCTn4RRBUPFAsAJAVet9Zf44m8EbKD0b/Yljbxs+LvbN99QOeZa+Jvu1FTqNirETaIp2R4ctz
gA0Snx79j9imT6c7jJwOIc+Iu/8XnpWOZGAzvC0OCLcg5Nw5kxQ6kT6TTmfQTywIvSvSoTt4JEgT
UcVzwSSLZ3DTWfoDElLft3CgvyDRl5Z+Ql+wDSygOGLAJM45wsYeNhQdek4sPjh+gbcqXbNf6Djn
btH7tnPBx2S7s870K4ycm0o305d0GEIPQXVRyD4ZFkcwPljIQXZbWDE53DfGqWbHdLZRfu8ZAViy
aY03zn42NhuvjSkI3oZ1z08vO1eNl/dFH/90LGgbux174qgatiqixyK7FzQ4BxDJ0N0W8Nsf2fcS
PWce0y+8rbx9Ncm/5y4r+vVbwm5ytrM3rwt2brE32TSCsbIFbdF++05ntSCtFmpbihvXkE2/CBvN
2IpIordGxRiq/eyaeG/oOmeIs81aGs3Dr6XX8lQmjgTfi+OA2L/Oux4d4wAPOH3u5uhnZEQQ96og
4ow/dCn79cAYpxyTJB/lN5d5XcwLfxnl4xRgccTL45DL35hrD3qZSVs0lm6rN50tHS9YPN58KtJz
zTzXET12uZl/6f/0dadelg7s2kJzS7Mzfba9F91wwPnPmEOJYyz0IkbllpdrzsPkFcsTn0c9rz22
o+cPiDnFd2JuhUA0LlZ7OchS421tu3je/NDYwK78XMzHDo3xxtzxxJgTGF+8AdjOu09HP+a8U8sd
zwnaubVZZx3qzfzveUGgXxiflf1pwC9ILv2C7glH/3LFU5eXM546rTw4/aEytF94ZgzfvRw84uCy
2oDVwwutd7JDu3uJx0OPT46/qcHEzy7rrB6rveHhN3hwrB4+Na3cFOf2DYvtviNXW6E8PXVmeLY5
OydeNf3klHJXnHM3fTpPwmFlndje+8i4eBNUkFm+h2Ve7n7g6bLqyoNjq/HAeu7fnQ9MjLOuZpW1
Io8Nw2PQ24VD7peJsMKg/uWP59xXnpgwrbzjpRtXLJ9RscB6cuD3+Phpte5f+02cbbPdGvVv+nPw
BNRRkWjIhLrVKX4j8xjdLVAqzhgzEdLhGS2MagY25UOZUUD1WhiVSBq/KZi6xScSMrmmhJui8ixv
LgSANATPU1TSbwMOcsEzfssHGals5B1ZxniwEqj8EbGm4z/18pw/Cq6VRfnVQ5617pGme7y+BOcF
Kr97XOG9lCR+1Hq3Z8T7/+3dPY8lORXG8QvMDC/LBAtERNsEoA2IkIj4BkhIiJSUiAyJiIyY/RgQ
8SUQMSQrBEgglhUahHjRaoRAsNqB86vp02OKquq+PT23+/Z9LHVXXfv42P7b5XId21U6O7rbkZfv
9pOm8mFrRkY5ySgff+VSDjc+eRKv8+NhUufOeKSj5u+vdXea/RsXPPu3cPnrOhRXGYWPBhf+nU8l
UfauC2Gj6/TpkPdpa1cd6WP8GcvQOsXvNiMeHfKqTbjBaxPiccLw63pS3/SqZ+mRl0dy4hhQyqHf
o/NbWv4YrLxTamrXxUP5bCUmI52xvuigV7qdj6l2Sw8nH3iqP/rwZkRQt9MAp2TodK4dS58MJx4m
3iemnTHeiTemRWZsU3RN5az6l5+Oi7c/+VE2A2hptVN/0ueatQHLa9WWbHUfZXGQL2WSF+ljLY+u
p4+VHvmUD7LCuuzyq36kt6aTTKfhWirBzubk3+EXnhsn9OCAqfzJq/p0fUhfuDDX1hR2fo13WF93
Hj70b8o75lvSdPBTdts0nH9CPRUHOunw1/FwwbrjdfbVjcGtweb3axBltlXe1CF+rnnsxFNHvpKH
DD+6u11IS5nFsTKtt954WP9O9XkmCGzvJxd3OQEDbB+NYpTSv+o58OavjvRVBv3eeaa+fIzKyu2x
z5SKenN9eoi1ytPqaSuvPNBrE90+Ls/R/ZPAxjXoAc8DiMkAkw/6CdetBzUTMa59/YkHTMw/VQZX
78W1lV+bb+e6s9r13dqBoJ5cW4yJzfrbNYH29TJgWc1BXztx6Jamhy4PgnQdS9103/BOldsklZXT
dlN8poyewkxo+LCKFZecMYMvMc6Zj+XV1zMOattY+EIy46lJUBNavjjuK5PasDqQDlkGK+3cg+EX
a9LG6kLXT9zVCOCoHWJv27rXajBczPuVq2k7PiltzXu3/1Tt1QcDnxQDiwD0mdi4f1nxZZWV96xp
y8Z3DBfaofj6CLKue2PB31Tfa1LYvdnODKvux7Z+fJRuP8ddF653bDn9pv5T/61/dc8z2aL/ZkjT
nr2Sx3PZX2pXl/ulfsbuBZMRxjpelyEuXY7CrF7Tn5hMc99Vd+4NDLqfr3sxI5++Xn3b7WGcxKjH
kbMgwySdnRR2xdgx5R2wZE2Ui0e/eGdnZ5P/36tdvVd/+kivurKKlHOf0AfSJ399T/LbdUqPj2bg
Y4cNndzUrmuSXtvmL1x7tcJRe2R88/znfXk+umeRi3vcvK3S806NF40lvbrHsxU+FpsY+1nJ5x5K
/x+fPNn9ssrvXL30+9ynDJ3/U3e/q3rSR0tPOdXXT2s151u1E8aHTjDn1I1X/FgQ8YVK441i1eNX
93DMLYrwCg27vYx71D+mnLZCRj1jr+7Vs7GuMbDrfP6MMEXMv0sJuCbGsdBShJcyAFJYpoUy8ZUR
5Fl93OHZP+v9ew8mI+CDevdfPUYvpfk/ftUOaxRdDzLng7YPf6RmacSsqMKmbb91Ut7lWx4Cyl2E
lR+DoNDJ/3ns6XwS4v88qBp0ndbYsPqFe+d8VfkHP/z17stvvr770pufrgvpg+kif14HH9o9qvC3
f1uztG//dfeN2iL8s9pe/bf6EvC3vva5Wr30YsB8HTA6k7kbb6Zr4fzJdXifd9z2b93t7/c8jF/H
73PHUc5g1GooLw83c8Oo8L16h5OBlK1FoyxdOnAPFEuu8zLGabmtMPIe2G0X03G3c6GadembGTl/
rauPc3/xO8y58D62vxuth/4OEy7MbAwDjfMxbFJwLtPnHd46R/95mBuQ1WftT1Y8N0KzPpywUdd4
3vFaZilsUlL/tsLICG99HaePDNPyWQLtNcnLo7wuuU5vTedW+Fpe5nGWfi+lN8r1eee55fn3eYc5
rvl3mOM83jyNUabD5nG29I1hztu1ji2dZDu8413l2LpbdtTRYY7852HtL+4Y1rr62Hr6tyP5Jf8O
G2XJGURZnWQw6KMlbRRuuU6frL/+Peqbp0dGn+ODKwaqVg/P47b+HNcJjKxbquvB72mAr76LNd5r
8vzJiqu+uSXZKeCE/uHhfoiF82bY/o5c/57L/R+qkme4b0efPyv3fdTJuzrnhkOyPXgmK61jq5vO
szbWZe4yNDtHznF8MO24U+Dwr+O3F73artWwDFO2pxlnjU4cLOkkH7c/gal+tOHZNbG/puOOsXZN
dhvrfnSt/Y6l98yp9Yszb9ejXM6vTqC5e72Ix+55v4MzmX1c6xTH+XRvcC0s9Cf6MPU5xrksrcn2
UPnqeN0PLrWLKe2SNcnBzdvNRf5KhlvSMQVs/BsZdTmmdl/l9ew6T7NVtWznwXF0/ZtREbu1vJFj
iOOMO221/nGNRb1Syo4GO6/GSeOla5IO6Tia4ORwlXfptvNbG+kyj2Vrv5bNcT8C+HXdrMV8aQMg
xYyAL5xzZqdzq9uLgM2zaieTO79uLmTX/AlshV0oGE72lR+i3ulTBlAr/9760a92b9QHUz5eKyaf
1cpK24FrGD2titRx/LuMgv+oLyA//uTD3dP6ovJ7T9/fffebZmdcgHe6iDeWud/XbMofaqbB7HV/
ZMNsidmKcXDqBmZ78dnZ2aUX0T6Zk4Y8/KJWkYwdoc7Ru3hs47vsot03PTNmPg7SHbH4OgfpmcG/
6fR8Waq3zXZe8bQF04zOTabX+vc9qgezV94D1zdGOuTTbJwVPXchn/uWK/L3g4A26UHaFm9bFce+
6WVLaLLDasBeMfiy+k4t/thfdNnHgesYPvq3bB+vKtfyp3RcY8N/ZLomN2c1l/ObEdwKCRN9o86O
23GWwlrmGI5r5eA/lq3llGn0H8s4yrQcP5OMJlLXVka3jjW9HZ7jOoGR/Sly3Cp/h+3D5Tpx1msn
IU2gufbvsU6Erf0ew8bz1tPHUf9cF5nRr+OMx7nu1tfx5r8v4lbe29LRssLW9Akb5fxeckvx5/FW
87SksPxGneM58avoahnjTqvhvX7HKkevzJn38S17WZ6X5PjN43WRtsJaJsd1Arhe9gx7IwbA9Swk
5BAEGADfrQ+h/OTnf949fu3h7qP1/kRfBK5ra5ox+Nf7Hzz3qyWQ/ynPB/XnXYpP612AX/3KZ3ev
P350UlsyusPph2oXSc8CdX3pfPytzZK03L5HOqeZkEpztLm6sTDQyVPnb1/da/LKR+dcr7LJz007
6fQsWutunpMRssLvgtvMZ9VDXAjcJgHXzPyavc38JO0QCIEQCIEQCIEQCIHTIeB5znj0pp+HT4fg
4Uvq2SEGwMNzP3iKbDjepVjXaLnnhj82lsm0U/+m8z4SOT8vyd2jhy9mNQSdgmuj1/hw3X7z8o8y
87Dr/j5kWvJ46PRuK83r1MdtsLlOPhMnBEIgBEIgBEIgBEIgBEIgBA5FoJ+TXsXz8KHKcGrpXMUA
+OKzO6dG5x6Vl4HPF48fTFvrJ7PflUsn7qm5pU5sye9VcTlkWspw6PRuK83r1NdtsLlOPhMnBEIg
BEIgBEIgBEIgBEIgBA5FIM9JhyJ92HRiADws71ea2ika814p0CgPgRAIgRAIgRAIgRAIgRAIgRAI
gRAIgXtAIC+6ugeVmCKEQAiEQAiEQAiEQAiEQAiEQAiEQAiEQAiEwBqBixWAWeK5hij+IRACIRAC
IRACIRACIRACIRACIRACIRACIXA3CVzFpndhALzsayF3s4jJVQiEQAiEQAiEQAiEQAiEQAiEQAiE
QAiEQAiEwBaBbAHeopOwEAiBEAiBEAiBEAiBEAiBEAiBEAiBEAiBEDhyAjEAHnkFJvshEAIhEAIh
EAIhEAIhEAIhEAIhEAIhEAIhsEUgBsAtOgkLgRAIgRAIgRAIgRAIgRAIgRAIgRAIgRAIgSMnEAPg
kVdgsh8CIRACIRACIRACIRACIRACIRACIRACIRACWwRiANyik7AQCIEQCIEQCIEQCIEQCIEQCIEQ
CIEQCIEQOHICMQAeeQUm+yEQAiEQAiEQAiEQAiEQAiEQAiEQAiEQAiGwRSAGwC06CQuBEAiBEAiB
EAiBEAiBEAiBEAiBEAiBEAiBIycQA+CRV2CyHwIhEAIhEAIhEAIhEAIhEAIhEAIhEAIhEAJbBGIA
3KKTsBAIgRAIgRAIgRAIgRAIgRAIgRAIgRAIgRA4cgIxAB55BSb7IRACIRACIRACIRACIRACIRAC
IRACIRACIbBFIAbALToJC4EQCIEQCIEQCIEQCIEQCIEQCIEQCIEQCIEjJ/BfEamkc1DUZEAAAAAA
SUVORK5CYII=
--Apple-Mail=_0FB5CDB8-3D95-4351-B0BD-84AE33F7F3C7
Content-Transfer-Encoding: quoted-printable
Content-Type: text/plain;
	charset=us-ascii



Unfortunately i cannot mount it again.
Can you please help me?


Thank you in advance
Best Regards
Patrick




Attached are the information requested.

root@JARVIS:/dev# uname -a
Linux JARVIS 4.19.107-Unraid #1 SMP Thu Mar 5 13:55:57 PST 2020 x86_64 =
Intel(R) Core(TM) i5-9600K CPU @ 3.70GHz GenuineIntel GNU/Linux

root@JARVIS:/dev# btrfs --version
btrfs-progs v5.4.1=20


root@JARVIS:/dev# btrfs fi show
Label: none  uuid: a07d7790-4cb2-4dd6-b62c-c877c291ff7f
        Total devices 1 FS bytes used 384.00KiB
        devid    1 size 465.76GiB used 1.02GiB path /dev/nvme0n1p1

warning, device 2 is missing
bad tree block 1139295649792, bytenr mismatch, want=3D1139295649792, =
have=3D0
ERROR: cannot read chunk root
Label: none  uuid: 1df2cdfd-d2cb-498b-be96-13cb969e11f5
        Total devices 2 FS bytes used 77.57GiB
        devid    1 size 465.76GiB used 61.00GiB path /dev/sdb1
        *** Some devices missing


--Apple-Mail=_0FB5CDB8-3D95-4351-B0BD-84AE33F7F3C7
Content-Disposition: attachment;
	filename=dmesg.log
Content-Type: application/octet-stream;
	x-unix-mode=0700;
	name="dmesg.log"
Content-Transfer-Encoding: quoted-printable

[    0.000000] microcode: microcode updated early to revision 0xca, date =
=3D 2019-10-03
[    0.000000] Linux version 4.19.107-Unraid (root@Develop) (gcc version 9=
.2.0 (GCC)) #1 SMP Thu Mar 5 13:55:57 PST 2020
[    0.000000] Command line: BOOT_IMAGE=3D/bzimage initrd=3D/bzroot
[    0.000000] x86/fpu: Supporting XSAVE feature 0x001: 'x87 floating poin=
t registers'
[    0.000000] x86/fpu: Supporting XSAVE feature 0x002: 'SSE registers'
[    0.000000] x86/fpu: Supporting XSAVE feature 0x004: 'AVX registers'
[    0.000000] x86/fpu: Supporting XSAVE feature 0x008: 'MPX bounds regist=
ers'
[    0.000000] x86/fpu: Supporting XSAVE feature 0x010: 'MPX CSR'
[    0.000000] x86/fpu: xstate_offset[2]:  576, xstate_sizes[2]:  256
[    0.000000] x86/fpu: xstate_offset[3]:  832, xstate_sizes[3]:   64
[    0.000000] x86/fpu: xstate_offset[4]:  896, xstate_sizes[4]:   64
[    0.000000] x86/fpu: Enabled xstate features 0x1f, context size is 960 =
bytes, using 'compacted' format.
[    0.000000] BIOS-provided physical RAM map:
[    0.000000] BIOS-e820: [mem 0x0000000000000000-0x000000000009d3ff] usab=
le
[    0.000000] BIOS-e820: [mem 0x000000000009d400-0x000000000009ffff] rese=
rved
[    0.000000] BIOS-e820: [mem 0x00000000000e0000-0x00000000000fffff] rese=
rved
[    0.000000] BIOS-e820: [mem 0x0000000000100000-0x00000000315fafff] usab=
le
[    0.000000] BIOS-e820: [mem 0x00000000315fb000-0x00000000315fbfff] ACPI=
 NVS
[    0.000000] BIOS-e820: [mem 0x00000000315fc000-0x00000000315fcfff] rese=
rved
[    0.000000] BIOS-e820: [mem 0x00000000315fd000-0x0000000038d00fff] usab=
le
[    0.000000] BIOS-e820: [mem 0x0000000038d01000-0x0000000039163fff] rese=
rved
[    0.000000] BIOS-e820: [mem 0x0000000039164000-0x00000000392cefff] usab=
le
[    0.000000] BIOS-e820: [mem 0x00000000392cf000-0x0000000039687fff] ACPI=
 NVS
[    0.000000] BIOS-e820: [mem 0x0000000039688000-0x0000000039ffefff] rese=
rved
[    0.000000] BIOS-e820: [mem 0x0000000039fff000-0x0000000039ffffff] usab=
le
[    0.000000] BIOS-e820: [mem 0x000000003a000000-0x000000003f7fffff] rese=
rved
[    0.000000] BIOS-e820: [mem 0x00000000e0000000-0x00000000efffffff] rese=
rved
[    0.000000] BIOS-e820: [mem 0x00000000fe000000-0x00000000fe010fff] rese=
rved
[    0.000000] BIOS-e820: [mem 0x00000000fec00000-0x00000000fec00fff] rese=
rved
[    0.000000] BIOS-e820: [mem 0x00000000fee00000-0x00000000fee00fff] rese=
rved
[    0.000000] BIOS-e820: [mem 0x00000000ff000000-0x00000000ffffffff] rese=
rved
[    0.000000] BIOS-e820: [mem 0x0000000100000000-0x00000008be7fffff] usab=
le
[    0.000000] NX (Execute Disable) protection: active
[    0.000000] SMBIOS 3.1.1 present.
[    0.000000] DMI: Gigabyte Technology Co., Ltd. Z390 M GAMING/Z390 M GAM=
ING-CF, BIOS F9e 12/02/2019
[    0.000000] tsc: Detected 3700.000 MHz processor
[    0.000766] tsc: Detected 3696.000 MHz TSC
[    0.000766] e820: update [mem 0x00000000-0x00000fff] usable =3D=3D> res=
erved
[    0.000768] e820: remove [mem 0x000a0000-0x000fffff] usable
[    0.000771] last_pfn =3D 0x8be800 max_arch_pfn =3D 0x400000000
[    0.000773] MTRR default type: write-back
[    0.000773] MTRR fixed ranges enabled:
[    0.000774]   00000-9FFFF write-back
[    0.000774]   A0000-BFFFF uncachable
[    0.000775]   C0000-FFFFF write-protect
[    0.000775] MTRR variable ranges enabled:
[    0.000776]   0 base 0080000000 mask 7F80000000 uncachable
[    0.000776]   1 base 0040000000 mask 7FC0000000 uncachable
[    0.000777]   2 base 003C000000 mask 7FFC000000 uncachable
[    0.000777]   3 base 003B000000 mask 7FFF000000 uncachable
[    0.000777]   4 disabled
[    0.000778]   5 disabled
[    0.000778]   6 disabled
[    0.000778]   7 disabled
[    0.000778]   8 disabled
[    0.000779]   9 disabled
[    0.001336] x86/PAT: Configuration [0-7]: WB  WC  UC- UC  WB  WP  UC- W=
T
[    0.001502] last_pfn =3D 0x3a000 max_arch_pfn =3D 0x400000000
[    0.005752] found SMP MP-table at [mem 0x000fcd50-0x000fcd5f]
[    0.005759] Using GB pages for direct mapping
[    0.005760] BRK [0x02401000, 0x02401fff] PGTABLE
[    0.005761] BRK [0x02402000, 0x02402fff] PGTABLE
[    0.005761] BRK [0x02403000, 0x02403fff] PGTABLE
[    0.005801] BRK [0x02404000, 0x02404fff] PGTABLE
[    0.006060] BRK [0x02405000, 0x02405fff] PGTABLE
[    0.006105] BRK [0x02406000, 0x02406fff] PGTABLE
[    0.006211] RAMDISK: [mem 0x29a3e000-0x315fafff]
[    0.006223] ACPI: Early table checksum verification disabled
[    0.006240] ACPI: RSDP 0x00000000000F05B0 000024 (v02 ALASKA)
[    0.006242] ACPI: XSDT 0x00000000395EC0A0 0000C4 (v01 ALASKA A M I    0=
1072009 AMI  00010013)
[    0.006246] ACPI: FACP 0x000000003962CD78 000114 (v06 ALASKA A M I    0=
1072009 AMI  00010013)
[    0.006248] ACPI: DSDT 0x00000000395EC200 040B73 (v02 ALASKA A M I    0=
1072009 INTL 20160527)
[    0.006250] ACPI: FACS 0x0000000039687080 000040
[    0.006251] ACPI: APIC 0x000000003962CE90 0000A0 (v04 ALASKA A M I    0=
1072009 AMI  00010013)
[    0.006252] ACPI: FPDT 0x000000003962CF30 000044 (v01 ALASKA A M I    0=
1072009 AMI  00010013)
[    0.006254] ACPI: FIDT 0x000000003962CF78 00009C (v01 ALASKA A M I    0=
1072009 AMI  00010013)
[    0.006255] ACPI: MCFG 0x000000003962D018 00003C (v01 ALASKA A M I    0=
1072009 MSFT 00000097)
[    0.006257] ACPI: SSDT 0x000000003962D058 000204 (v01 ALASKA A M I    0=
0001000 INTL 20160527)
[    0.006258] ACPI: SSDT 0x000000003962D260 0017D5 (v02 ALASKA A M I    0=
0003000 INTL 20160527)
[    0.006260] ACPI: SSDT 0x000000003962EA38 007C9A (v01 ALASKA A M I    0=
0000001 INTL 20160527)
[    0.006261] ACPI: SSDT 0x00000000396366D8 0031C7 (v02 ALASKA A M I    0=
0003000 INTL 20160527)
[    0.006263] ACPI: HPET 0x00000000396398A0 000038 (v01 ALASKA A M I    0=
0000002      01000013)
[    0.006264] ACPI: SSDT 0x00000000396398D8 000F9E (v02 ALASKA A M I    0=
0001000 INTL 20160527)
[    0.006266] ACPI: SSDT 0x000000003963A878 002D1B (v02 ALASKA A M I    0=
0000000 INTL 20160527)
[    0.006267] ACPI: UEFI 0x000000003963D598 000042 (v01 ALASKA A M I    0=
0000002      01000013)
[    0.006268] ACPI: LPIT 0x000000003963D5E0 00005C (v01 ALASKA A M I    0=
0000002      01000013)
[    0.006270] ACPI: SSDT 0x000000003963D640 0027DE (v02 ALASKA A M I    0=
0001000 INTL 20160527)
[    0.006271] ACPI: SSDT 0x000000003963FE20 000FFE (v02 ALASKA A M I    0=
0000000 INTL 20160527)
[    0.006273] ACPI: DBGP 0x0000000039640E20 000034 (v01 ALASKA A M I    0=
0000002      01000013)
[    0.006274] ACPI: DBG2 0x0000000039640E58 000054 (v00 ALASKA A M I    0=
0000002      01000013)
[    0.006276] ACPI: DMAR 0x0000000039640EB0 0000A8 (v01 ALASKA A M I    0=
0000002      01000013)
[    0.006277] ACPI: WSMT 0x0000000039640F58 000028 (v01 ALASKA A M I    0=
1072009 AMI  00010013)
[    0.006282] ACPI: Local APIC address 0xfee00000
[    0.006449] No NUMA configuration found
[    0.006450] Faking a node at [mem 0x0000000000000000-0x00000008be7fffff=
]
[    0.006452] NODE_DATA(0) allocated [mem 0x8be7f9000-0x8be7fcfff]
[    0.006469] Zone ranges:
[    0.006470]   DMA      [mem 0x0000000000001000-0x0000000000ffffff]
[    0.006471]   DMA32    [mem 0x0000000001000000-0x00000000ffffffff]
[    0.006472]   Normal   [mem 0x0000000100000000-0x00000008be7fffff]
[    0.006472] Movable zone start for each node
[    0.006473] Early memory node ranges
[    0.006473]   node   0: [mem 0x0000000000001000-0x000000000009cfff]
[    0.006474]   node   0: [mem 0x0000000000100000-0x00000000315fafff]
[    0.006474]   node   0: [mem 0x00000000315fd000-0x0000000038d00fff]
[    0.006475]   node   0: [mem 0x0000000039164000-0x00000000392cefff]
[    0.006475]   node   0: [mem 0x0000000039fff000-0x0000000039ffffff]
[    0.006476]   node   0: [mem 0x0000000100000000-0x00000008be7fffff]
[    0.006777] Zeroed struct page in unavailable ranges: 35321 pages
[    0.006777] Initmem setup node 0 [mem 0x0000000000001000-0x00000008be7f=
ffff]
[    0.006778] On node 0 totalpages: 8353287
[    0.006779]   DMA zone: 64 pages used for memmap
[    0.006779]   DMA zone: 21 pages reserved
[    0.006780]   DMA zone: 3996 pages, LIFO batch:0
[    0.006829]   DMA32 zone: 3578 pages used for memmap
[    0.006830]   DMA32 zone: 228971 pages, LIFO batch:63
[    0.011479]   Normal zone: 126880 pages used for memmap
[    0.011479]   Normal zone: 8120320 pages, LIFO batch:63
[    0.107746] Reserving Intel graphics memory at [mem 0x3b800000-0x3f7fff=
ff]
[    0.108011] ACPI: PM-Timer IO Port: 0x1808
[    0.108012] ACPI: Local APIC address 0xfee00000
[    0.108015] ACPI: LAPIC_NMI (acpi_id[0x01] high edge lint[0x1])
[    0.108016] ACPI: LAPIC_NMI (acpi_id[0x02] high edge lint[0x1])
[    0.108016] ACPI: LAPIC_NMI (acpi_id[0x03] high edge lint[0x1])
[    0.108017] ACPI: LAPIC_NMI (acpi_id[0x04] high edge lint[0x1])
[    0.108017] ACPI: LAPIC_NMI (acpi_id[0x05] high edge lint[0x1])
[    0.108018] ACPI: LAPIC_NMI (acpi_id[0x06] high edge lint[0x1])
[    0.108057] IOAPIC[0]: apic_id 2, version 32, address 0xfec00000, GSI 0=
-119
[    0.108058] ACPI: INT_SRC_OVR (bus 0 bus_irq 0 global_irq 2 dfl dfl)
[    0.108059] ACPI: INT_SRC_OVR (bus 0 bus_irq 9 global_irq 9 high level)
[    0.108059] ACPI: IRQ0 used by override.
[    0.108060] ACPI: IRQ9 used by override.
[    0.108062] Using ACPI (MADT) for SMP configuration information
[    0.108062] ACPI: HPET id: 0x8086a201 base: 0xfed00000
[    0.108064] smpboot: Allowing 6 CPUs, 0 hotplug CPUs
[    0.108072] [mem 0x3f800000-0xdfffffff] available for PCI devices
[    0.108073] Booting paravirtualized kernel on bare hardware
[    0.108075] clocksource: refined-jiffies: mask: 0xffffffff max_cycles: =
0xffffffff, max_idle_ns: 1910969940391419 ns
[    0.142243] random: get_random_bytes called from start_kernel+0x8e/0x46=
c with crng_init=3D0
[    0.142245] setup_percpu: NR_CPUS:256 nr_cpumask_bits:256 nr_cpu_ids:6 =
nr_node_ids:1
[    0.142329] percpu: Embedded 43 pages/cpu s135192 r8192 d32744 u262144
[    0.142332] pcpu-alloc: s135192 r8192 d32744 u262144 alloc=3D1*2097152
[    0.142332] pcpu-alloc: [0] 0 1 2 3 4 5 - -
[    0.142342] Built 1 zonelists, mobility grouping on.  Total pages: 8222=
744
[    0.142343] Policy zone: Normal
[    0.142343] Kernel command line: BOOT_IMAGE=3D/bzimage initrd=3D/bzroot
[    0.185932] Memory: 32674428K/33413148K available (10252K kernel code, =
736K rwdata, 2004K rodata, 1196K init, 2100K bss, 738720K reserved, 0K cma=
-reserved)
[    0.185957] SLUB: HWalign=3D64, Order=3D0-3, MinObjects=3D0, CPUs=3D6, =
Nodes=3D1
[    0.185985] rcu: Hierarchical RCU implementation.
[    0.185985] rcu: 	RCU restricting CPUs from NR_CPUS=3D256 to nr_cpu_ids=
=3D6.
[    0.185986] rcu: Adjusting geometry for rcu_fanout_leaf=3D16, nr_cpu_id=
s=3D6
[    0.186010] NR_IRQS: 16640, nr_irqs: 1536, preallocated irqs: 16
[    0.186226] rcu: 	Offload RCU callbacks from CPUs: (none).
[    0.190420] Console: colour VGA+ 80x25
[    0.219674] console [tty0] enabled
[    0.219924] ACPI: Core revision 20180810
[    0.220461] clocksource: hpet: mask: 0xffffffff max_cycles: 0xffffffff,=
 max_idle_ns: 79635855245 ns
[    0.220813] hpet clockevent registered
[    0.220863] APIC: Switch to symmetric I/O mode setup
[    0.221108] DMAR: Host address width 39
[    0.221319] DMAR: DRHD base: 0x000000fed90000 flags: 0x0
[    0.221493] DMAR: dmar0: reg_base_addr fed90000 ver 1:0 cap 1c0000c4066=
0462 ecap 19e2ff0505e
[    0.221742] DMAR: DRHD base: 0x000000fed91000 flags: 0x1
[    0.222022] DMAR: dmar1: reg_base_addr fed91000 ver 1:0 cap d2008c40660=
462 ecap f050da
[    0.222271] DMAR: RMRR base: 0x00000039ad4000 end: 0x00000039d1dfff
[    0.222493] DMAR: RMRR base: 0x0000003b000000 end: 0x0000003f7fffff
[    0.222742] DMAR-IR: IOAPIC id 2 under DRHD base  0xfed91000 IOMMU 1
[    0.223022] DMAR-IR: HPET id 0 under DRHD base 0xfed91000
[    0.223269] DMAR-IR: Queued invalidation will be enabled to support x2a=
pic and Intr-remapping.
[    0.225084] DMAR-IR: Enabled IRQ remapping in x2apic mode
[    0.225291] x2apic enabled
[    0.225553] Switched APIC routing to cluster x2apic.
[    0.230280] ..TIMER: vector=3D0x30 apic1=3D0 pin1=3D2 apic2=3D-1 pin2=
=3D-1
[    0.234828] clocksource: tsc-early: mask: 0xffffffffffffffff max_cycles=
: 0x6a8d280fdb9, max_idle_ns: 881591151302 ns
[    0.235090] Calibrating delay loop (skipped), value calculated using ti=
mer frequency.. 7392.00 BogoMIPS (lpj=3D3696000)
[    0.235403] pid_max: default: 32768 minimum: 301
[    0.238033] Dentry cache hash table entries: 4194304 (order: 13, 335544=
32 bytes)
[    0.239327] Inode-cache hash table entries: 2097152 (order: 12, 1677721=
6 bytes)
[    0.239576] Mount-cache hash table entries: 65536 (order: 7, 524288 byt=
es)
[    0.239860] Mountpoint-cache hash table entries: 65536 (order: 7, 52428=
8 bytes)
[    0.240194] CPU0: Thermal monitoring enabled (TM1)
[    0.240452] process: using mwait in idle threads
[    0.240698] Last level iTLB entries: 4KB 128, 2MB 8, 4MB 8
[    0.240944] Last level dTLB entries: 4KB 64, 2MB 0, 4MB 0, 1GB 4
[    0.241086] Spectre V1 : Mitigation: usercopy/swapgs barriers and __use=
r pointer sanitization
[    0.241395] Spectre V2 : Mitigation: Full generic retpoline
[    0.241591] Spectre V2 : Spectre v2 / SpectreRSB mitigation: Filling RS=
B on context switch
[    0.242085] Spectre V2 : Enabling Restricted Speculation for firmware c=
alls
[    0.242336] Spectre V2 : mitigation: Enabling conditional Indirect Bran=
ch Prediction Barrier
[    0.243085] Speculative Store Bypass: Mitigation: Speculative Store Byp=
ass disabled via prctl and seccomp
[    0.243372] TAA: Mitigation: Clear CPU buffers
[    0.243615] MDS: Mitigation: Clear CPU buffers
[    0.244025] Freeing SMP alternatives memory: 32K
[    0.245549] TSC deadline timer enabled
[    0.245553] smpboot: CPU0: Intel(R) Core(TM) i5-9600K CPU @ 3.70GHz (fa=
mily: 0x6, model: 0x9e, stepping: 0xc)
[    0.245858] Performance Events: PEBS fmt3+, Skylake events, 32-deep LBR=
, full-width counters, Intel PMU driver.
[    0.246085] ... version:                4
[    0.246085] ... bit width:              48
[    0.246086] ... generic registers:      8
[    0.246328] ... value mask:             0000ffffffffffff
[    0.246574] ... max period:             00007fffffffffff
[    0.246821] ... fixed-purpose events:   3
[    0.247065] ... event mask:             00000007000000ff
[    0.247107] rcu: Hierarchical SRCU implementation.
[    0.247419] smp: Bringing up secondary CPUs ...
[    0.247692] x86: Booting SMP configuration:
[    0.247935] .... node  #0, CPUs:      #1 #2 #3 #4 #5
[    0.254330] smp: Brought up 1 node, 6 CPUs
[    0.254578] smpboot: Max logical packages: 1
[    0.254824] smpboot: Total of 6 processors activated (44352.00 BogoMIPS=
)
[    0.256405] devtmpfs: initialized
[    0.256405] x86/mm: Memory block size: 128MB
[    0.258928] PM: Registering ACPI NVS region [mem 0x315fb000-0x315fbfff]=
 (4096 bytes)
[    0.259086] PM: Registering ACPI NVS region [mem 0x392cf000-0x39687fff]=
 (3903488 bytes)
[    0.259379] clocksource: jiffies: mask: 0xffffffff max_cycles: 0xffffff=
ff, max_idle_ns: 1911260446275000 ns
[    0.259697] futex hash table entries: 2048 (order: 5, 131072 bytes)
[    0.259960] xor: automatically using best checksumming function   avx
[    0.260090] pinctrl core: initialized pinctrl subsystem
[    0.260387] NET: Registered protocol family 16
[    0.260718] cpuidle: using governor ladder
[    0.260718] cpuidle: using governor menu
[    0.261101] KVM setup pv remote TLB flush
[    0.261335] ACPI FADT declares the system doesn't support PCIe ASPM, so=
 disable it
[    0.261585] ACPI: bus type PCI registered
[    0.261871] PCI: MMCONFIG for domain 0000 [bus 00-ff] at [mem 0xe000000=
0-0xefffffff] (base 0xe0000000)
[    0.262087] PCI: MMCONFIG at [mem 0xe0000000-0xefffffff] reserved in E8=
20
[    0.262340] PCI: Using configuration type 1 for base access
[    0.263587] HugeTLB registered 1.00 GiB page size, pre-allocated 0 page=
s
[    0.263587] HugeTLB registered 2.00 MiB page size, pre-allocated 0 page=
s
[    0.280470] raid6: sse2x1   gen() 15695 MB/s
[    0.297472] raid6: sse2x1   xor() 10050 MB/s
[    0.314478] raid6: sse2x2   gen() 18613 MB/s
[    0.331481] raid6: sse2x2   xor() 13093 MB/s
[    0.348486] raid6: sse2x4   gen() 23289 MB/s
[    0.365491] raid6: sse2x4   xor() 15011 MB/s
[    0.382493] raid6: avx2x1   gen() 31355 MB/s
[    0.399498] raid6: avx2x1   xor() 20234 MB/s
[    0.416502] raid6: avx2x2   gen() 39148 MB/s
[    0.433506] raid6: avx2x2   xor() 24246 MB/s
[    0.450511] raid6: avx2x4   gen() 45558 MB/s
[    0.467514] raid6: avx2x4   xor() 28617 MB/s
[    0.467731] raid6: using algorithm avx2x4 gen() 45558 MB/s
[    0.467977] raid6: .... xor() 28617 MB/s, rmw enabled
[    0.468086] raid6: using avx2x2 recovery algorithm
[    0.468354] ACPI: Added _OSI(Module Device)
[    0.468598] ACPI: Added _OSI(Processor Device)
[    0.468843] ACPI: Added _OSI(3.0 _SCP Extensions)
[    0.469086] ACPI: Added _OSI(Processor Aggregator Device)
[    0.469332] ACPI: Added _OSI(Linux-Dell-Video)
[    0.469576] ACPI: Added _OSI(Linux-Lenovo-NV-HDMI-Audio)
[    0.498844] ACPI: 9 ACPI AML tables successfully acquired and loaded
[    1.010357] ACPI: Dynamic OEM Table Load:
[    1.010597] ACPI: SSDT 0xFFFF88889A6F2000 0007AD (v02 PmRef  Cpu0Ist  0=
0003000 INTL 20160527)
[    1.011199] ACPI: \_SB_.PR00: _OSC native thermal LVT Acked
[    1.012134] ACPI: Dynamic OEM Table Load:
[    1.012340] ACPI: SSDT 0xFFFF888899D11400 000400 (v02 PmRef  Cpu0Cst  0=
0003001 INTL 20160527)
[    1.012895] ACPI: Dynamic OEM Table Load:
[    1.013087] ACPI: SSDT 0xFFFF888899D0D600 00011B (v02 PmRef  Cpu0Hwp  0=
0003000 INTL 20160527)
[    1.013614] ACPI: Dynamic OEM Table Load:
[    1.013859] ACPI: SSDT 0xFFFF88889A6F2800 000724 (v02 PmRef  HwpLvt   0=
0003000 INTL 20160527)
[    1.014457] ACPI: Dynamic OEM Table Load:
[    1.014703] ACPI: SSDT 0xFFFF88889A6E3000 000EF1 (v02 PmRef  ApIst    0=
0003000 INTL 20160527)
[    1.015537] ACPI: Dynamic OEM Table Load:
[    1.015782] ACPI: SSDT 0xFFFF888899D12000 000317 (v02 PmRef  ApHwp    0=
0003000 INTL 20160527)
[    1.016334] ACPI: Dynamic OEM Table Load:
[    1.016579] ACPI: SSDT 0xFFFF888899D12400 00030A (v02 PmRef  ApCst    0=
0003000 INTL 20160527)
[    1.018585] ACPI: Interpreter enabled
[    1.018804] ACPI: (supports S0 S3 S5)
[    1.019045] ACPI: Using IOAPIC for interrupt routing
[    1.020104] PCI: Using host bridge windows from ACPI; if necessary, use=
 "pci=3Dnocrs" and report a bug
[    1.020954] ACPI: Enabled 6 GPEs in block 00 to 7F
[    1.027306] ACPI: Power Resource [USBC] (on)
[    1.029347] ACPI: Power Resource [V0PR] (on)
[    1.029657] ACPI: Power Resource [V1PR] (on)
[    1.030089] ACPI: Power Resource [V2PR] (on)
[    1.035260] ACPI: Power Resource [WRST] (on)
[    1.037730] ACPI: Power Resource [FN00] (off)
[    1.038093] ACPI: Power Resource [FN01] (off)
[    1.038128] ACPI: Power Resource [FN02] (off)
[    1.038414] ACPI: Power Resource [FN03] (off)
[    1.039089] ACPI: Power Resource [FN04] (off)
[    1.039312] ACPI: Power Resource [PIN] (off)
[    1.040089] ACPI: PCI Root Bridge [PCI0] (domain 0000 [bus 00-fe])
[    1.040089] acpi PNP0A08:00: _OSC: OS supports [ExtendedConfig ASPM Clo=
ckPM Segments MSI]
[    1.040415] acpi PNP0A08:00: _OSC: platform does not support [PME]
[    1.040731] acpi PNP0A08:00: _OSC: OS now controls [AER PCIeCapability =
LTR]
[    1.040979] acpi PNP0A08:00: FADT indicates ASPM is unsupported, using =
BIOS configuration
[    1.041255] PCI host bridge to bus 0000:00
[    1.041500] pci_bus 0000:00: root bus resource [io  0x0000-0x0cf7 windo=
w]
[    1.041748] pci_bus 0000:00: root bus resource [io  0x0d00-0xffff windo=
w]
[    1.041997] pci_bus 0000:00: root bus resource [mem 0x000a0000-0x000bff=
ff window]
[    1.042086] pci_bus 0000:00: root bus resource [mem 0x3f800000-0xdfffff=
ff window]
[    1.042335] pci_bus 0000:00: root bus resource [mem 0xfc800000-0xfe7fff=
ff window]
[    1.042585] pci_bus 0000:00: root bus resource [bus 00-fe]
[    1.042836] pci 0000:00:00.0: [8086:3ec2] type 00 class 0x060000
[    1.043085] pci 0000:00:02.0: [8086:3e98] type 00 class 0x030000
[    1.043085] pci 0000:00:02.0: reg 0x10: [mem 0x50000000-0x50ffffff 64bi=
t]
[    1.043085] pci 0000:00:02.0: reg 0x18: [mem 0x40000000-0x4fffffff 64bi=
t pref]
[    1.043085] pci 0000:00:02.0: reg 0x20: [io  0x3000-0x303f]
[    1.043192] pci 0000:00:12.0: [8086:a379] type 00 class 0x118000
[    1.043210] pci 0000:00:12.0: reg 0x10: [mem 0x5123d000-0x5123dfff 64bi=
t]
[    1.043365] pci 0000:00:14.0: [8086:a36d] type 00 class 0x0c0330
[    1.043380] pci 0000:00:14.0: reg 0x10: [mem 0x51220000-0x5122ffff 64bi=
t]
[    1.043428] pci 0000:00:14.0: PME# supported from D3hot D3cold
[    1.044089] pci 0000:00:14.2: [8086:a36f] type 00 class 0x050000
[    1.044089] pci 0000:00:14.2: reg 0x10: [mem 0x51236000-0x51237fff 64bi=
t]
[    1.044089] pci 0000:00:14.2: reg 0x18: [mem 0x5123c000-0x5123cfff 64bi=
t]
[    1.044089] pci 0000:00:16.0: [8086:a360] type 00 class 0x078000
[    1.044089] pci 0000:00:16.0: reg 0x10: [mem 0x5123b000-0x5123bfff 64bi=
t]
[    1.044089] pci 0000:00:16.0: PME# supported from D3hot
[    1.044090] pci 0000:00:17.0: [8086:a352] type 00 class 0x010601
[    1.044090] pci 0000:00:17.0: reg 0x10: [mem 0x51234000-0x51235fff]
[    1.044090] pci 0000:00:17.0: reg 0x14: [mem 0x5123a000-0x5123a0ff]
[    1.044090] pci 0000:00:17.0: reg 0x18: [io  0x3090-0x3097]
[    1.044090] pci 0000:00:17.0: reg 0x1c: [io  0x3080-0x3083]
[    1.044090] pci 0000:00:17.0: reg 0x20: [io  0x3060-0x307f]
[    1.044090] pci 0000:00:17.0: reg 0x24: [mem 0x51239000-0x512397ff]
[    1.044090] pci 0000:00:17.0: PME# supported from D3hot
[    1.044092] pci 0000:00:1b.0: [8086:a340] type 01 class 0x060400
[    1.044142] pci 0000:00:1b.0: PME# supported from D0 D3hot D3cold
[    1.044257] pci 0000:00:1b.4: [8086:a32c] type 01 class 0x060400
[    1.044316] pci 0000:00:1b.4: PME# supported from D0 D3hot D3cold
[    1.045089] pci 0000:00:1c.0: [8086:a338] type 01 class 0x060400
[    1.045089] pci 0000:00:1c.0: PME# supported from D0 D3hot D3cold
[    1.045089] pci 0000:00:1d.0: [8086:a330] type 01 class 0x060400
[    1.045089] pci 0000:00:1d.0: PME# supported from D0 D3hot D3cold
[    1.045089] pci 0000:00:1f.0: [8086:a305] type 00 class 0x060100
[    1.045090] pci 0000:00:1f.3: [8086:a348] type 00 class 0x040300
[    1.045090] pci 0000:00:1f.3: reg 0x10: [mem 0x51230000-0x51233fff 64bi=
t]
[    1.045090] pci 0000:00:1f.3: reg 0x20: [mem 0x51000000-0x510fffff 64bi=
t]
[    1.045143] pci 0000:00:1f.3: PME# supported from D3hot D3cold
[    1.045295] pci 0000:00:1f.4: [8086:a323] type 00 class 0x0c0500
[    1.045319] pci 0000:00:1f.4: reg 0x10: [mem 0x51238000-0x512380ff 64bi=
t]
[    1.045338] pci 0000:00:1f.4: reg 0x20: [io  0xefa0-0xefbf]
[    1.046089] pci 0000:00:1f.5: [8086:a324] type 00 class 0x0c8000
[    1.046089] pci 0000:00:1f.5: reg 0x10: [mem 0xfe010000-0xfe010fff]
[    1.046089] pci 0000:00:1f.6: [8086:15bc] type 00 class 0x020000
[    1.046089] pci 0000:00:1f.6: reg 0x10: [mem 0x51200000-0x5121ffff]
[    1.046089] pci 0000:00:1f.6: PME# supported from D0 D3hot D3cold
[    1.046089] pci 0000:00:1b.0: PCI bridge to [bus 01]
[    1.046097] pci 0000:02:00.0: [144d:a808] type 00 class 0x010802
[    1.046123] pci 0000:02:00.0: reg 0x10: [mem 0x51100000-0x51103fff 64bi=
t]
[    1.046294] pci 0000:00:1b.4: PCI bridge to [bus 02]
[    1.046539] pci 0000:00:1b.4:   bridge window [mem 0x51100000-0x511ffff=
f]
[    1.047089] pci 0000:00:1c.0: PCI bridge to [bus 03]
[    1.047089] pci 0000:00:1d.0: PCI bridge to [bus 04]
[    1.048090] ACPI: PCI Interrupt Link [LNKA] (IRQs) *0
[    1.048100] ACPI: PCI Interrupt Link [LNKB] (IRQs) *1
[    1.048358] ACPI: PCI Interrupt Link [LNKC] (IRQs) *0
[    1.048616] ACPI: PCI Interrupt Link [LNKD] (IRQs) *0
[    1.048874] ACPI: PCI Interrupt Link [LNKE] (IRQs) *0
[    1.049099] ACPI: PCI Interrupt Link [LNKF] (IRQs) *0
[    1.049357] ACPI: PCI Interrupt Link [LNKG] (IRQs) *0
[    1.049615] ACPI: PCI Interrupt Link [LNKH] (IRQs) *0
[    1.051094] pci 0000:00:02.0: vgaarb: setting as boot VGA device
[    1.051336] pci 0000:00:02.0: vgaarb: VGA device added: decodes=3Dio+me=
m,owns=3Dio+mem,locks=3Dnone
[    1.051648] pci 0000:00:02.0: vgaarb: bridge control possible
[    1.051893] vgaarb: loaded
[    1.052123] SCSI subsystem initialized
[    1.052370] libata version 3.00 loaded.
[    1.052370] ACPI: bus type USB registered
[    1.052370] usbcore: registered new interface driver usbfs
[    1.052618] usbcore: registered new interface driver hub
[    1.053147] usbcore: registered new device driver usb
[    1.053362] pps_core: LinuxPPS API ver. 1 registered
[    1.053606] pps_core: Software ver. 5.3.6 - Copyright 2005-2007 Rodolfo=
 Giometti <giometti@linux.it>
[    1.053921] PTP clock support registered
[    1.054090] EDAC MC: Ver: 3.0.0
[    1.054387] PCI: Using ACPI for IRQ routing
[    1.097597] PCI: pci_cache_line_size set to 64 bytes
[    1.097657] e820: reserve RAM buffer [mem 0x0009d400-0x0009ffff]
[    1.097657] e820: reserve RAM buffer [mem 0x315fb000-0x33ffffff]
[    1.097658] e820: reserve RAM buffer [mem 0x38d01000-0x3bffffff]
[    1.097658] e820: reserve RAM buffer [mem 0x392cf000-0x3bffffff]
[    1.097659] e820: reserve RAM buffer [mem 0x3a000000-0x3bffffff]
[    1.097659] e820: reserve RAM buffer [mem 0x8be800000-0x8bfffffff]
[    1.098145] hpet0: at MMIO 0xfed00000, IRQs 2, 8, 0, 0, 0, 0, 0, 0
[    1.098393] hpet0: 8 comparators, 64-bit 24.000000 MHz counter
[    1.101094] clocksource: Switched to clocksource tsc-early
[    1.101341] FS-Cache: Loaded
[    1.101594] pnp: PnP ACPI init
[    1.101949] system 00:00: [io  0x0a00-0x0a2f] has been reserved
[    1.102189] system 00:00: [io  0x0a30-0x0a3f] has been reserved
[    1.102434] system 00:00: [io  0x0a40-0x0a4f] has been reserved
[    1.102683] system 00:00: Plug and Play ACPI device, IDs PNP0c02 (activ=
e)
[    1.103043] pnp 00:01: [dma 0 disabled]
[    1.103066] pnp 00:01: Plug and Play ACPI device, IDs PNP0501 (active)
[    1.103118] system 00:02: [io  0x0680-0x069f] has been reserved
[    1.103364] system 00:02: [io  0x164e-0x164f] has been reserved
[    1.103613] system 00:02: Plug and Play ACPI device, IDs PNP0c02 (activ=
e)
[    1.103623] pnp 00:03: Plug and Play ACPI device, IDs PNP0b00 (active)
[    1.103664] system 00:04: [io  0x1854-0x1857] has been reserved
[    1.103912] system 00:04: Plug and Play ACPI device, IDs INT3f0d PNP0c0=
2 (active)
[    1.103997] system 00:05: [mem 0xfed10000-0xfed17fff] has been reserved
[    1.104246] system 00:05: [mem 0xfed18000-0xfed18fff] has been reserved
[    1.104493] system 00:05: [mem 0xfed19000-0xfed19fff] has been reserved
[    1.104741] system 00:05: [mem 0xe0000000-0xefffffff] has been reserved
[    1.104991] system 00:05: [mem 0xfed20000-0xfed3ffff] has been reserved
[    1.105240] system 00:05: [mem 0xfed90000-0xfed93fff] could not be rese=
rved
[    1.105488] system 00:05: [mem 0xfed45000-0xfed8ffff] has been reserved
[    1.105737] system 00:05: [mem 0xfee00000-0xfeefffff] could not be rese=
rved
[    1.105988] system 00:05: Plug and Play ACPI device, IDs PNP0c02 (activ=
e)
[    1.106081] system 00:06: [io  0x1800-0x18fe] could not be reserved
[    1.106329] system 00:06: [mem 0xfd000000-0xfd69ffff] has been reserved
[    1.106577] system 00:06: [mem 0xfd6c0000-0xfd6cffff] has been reserved
[    1.106825] system 00:06: [mem 0xfd6f0000-0xfdffffff] has been reserved
[    1.107072] system 00:06: [mem 0xfe000000-0xfe01ffff] could not be rese=
rved
[    1.107322] system 00:06: [mem 0xfe200000-0xfe7fffff] has been reserved
[    1.107570] system 00:06: [mem 0xff000000-0xffffffff] has been reserved
[    1.107820] system 00:06: Plug and Play ACPI device, IDs PNP0c02 (activ=
e)
[    1.107942] system 00:07: [io  0x2000-0x20fe] has been reserved
[    1.108191] system 00:07: Plug and Play ACPI device, IDs PNP0c02 (activ=
e)
[    1.108618] system 00:08: Plug and Play ACPI device, IDs PNP0c02 (activ=
e)
[    1.108930] pnp: PnP ACPI: found 9 devices
[    1.114334] clocksource: acpi_pm: mask: 0xffffff max_cycles: 0xffffff, =
max_idle_ns: 2085701024 ns
[    1.114647] pci 0000:00:1d.0: bridge window [io  0x1000-0x0fff] to [bus=
 04] add_size 1000
[    1.114648] pci 0000:00:1d.0: bridge window [mem 0x00100000-0x000fffff =
64bit pref] to [bus 04] add_size 200000 add_align 100000
[    1.114649] pci 0000:00:1d.0: bridge window [mem 0x00100000-0x000fffff]=
 to [bus 04] add_size 200000 add_align 100000
[    1.114653] pci 0000:00:1d.0: BAR 14: assigned [mem 0x3f800000-0x3f9fff=
ff]
[    1.114900] pci 0000:00:1d.0: BAR 15: assigned [mem 0x3fa00000-0x3fbfff=
ff 64bit pref]
[    1.115150] pci 0000:00:1d.0: BAR 13: assigned [io  0x4000-0x4fff]
[    1.117091] pci 0000:00:1b.0: PCI bridge to [bus 01]
[    1.117342] pci 0000:00:1b.4: PCI bridge to [bus 02]
[    1.117587] pci 0000:00:1b.4:   bridge window [mem 0x51100000-0x511ffff=
f]
[    1.117837] pci 0000:00:1c.0: PCI bridge to [bus 03]
[    1.118089] pci 0000:00:1d.0: PCI bridge to [bus 04]
[    1.118333] pci 0000:00:1d.0:   bridge window [io  0x4000-0x4fff]
[    1.118582] pci 0000:00:1d.0:   bridge window [mem 0x3f800000-0x3f9ffff=
f]
[    1.118832] pci 0000:00:1d.0:   bridge window [mem 0x3fa00000-0x3fbffff=
f 64bit pref]
[    1.119085] pci_bus 0000:00: resource 4 [io  0x0000-0x0cf7 window]
[    1.119086] pci_bus 0000:00: resource 5 [io  0x0d00-0xffff window]
[    1.119087] pci_bus 0000:00: resource 6 [mem 0x000a0000-0x000bffff wind=
ow]
[    1.119088] pci_bus 0000:00: resource 7 [mem 0x3f800000-0xdfffffff wind=
ow]
[    1.119088] pci_bus 0000:00: resource 8 [mem 0xfc800000-0xfe7fffff wind=
ow]
[    1.119089] pci_bus 0000:02: resource 1 [mem 0x51100000-0x511fffff]
[    1.119090] pci_bus 0000:04: resource 0 [io  0x4000-0x4fff]
[    1.119090] pci_bus 0000:04: resource 1 [mem 0x3f800000-0x3f9fffff]
[    1.119091] pci_bus 0000:04: resource 2 [mem 0x3fa00000-0x3fbfffff 64bi=
t pref]
[    1.119168] NET: Registered protocol family 2
[    1.119485] tcp_listen_portaddr_hash hash table entries: 16384 (order: =
6, 262144 bytes)
[    1.119784] TCP established hash table entries: 262144 (order: 9, 20971=
52 bytes)
[    1.120184] TCP bind hash table entries: 65536 (order: 8, 1048576 bytes=
)
[    1.120489] TCP: Hash tables configured (established 262144 bind 65536)
[    1.120756] UDP hash table entries: 16384 (order: 7, 524288 bytes)
[    1.121043] UDP-Lite hash table entries: 16384 (order: 7, 524288 bytes)
[    1.121341] NET: Registered protocol family 1
[    1.121592] pci 0000:00:02.0: Video device with shadowed ROM at [mem 0x=
000c0000-0x000dffff]
[    1.122255] PCI: CLS 64 bytes, default 64
[    1.122269] Unpacking initramfs...
[    9.219503] Freeing initrd memory: 126708K
[    9.219744] DMAR: No ATSR found
[    9.220005] DMAR: dmar0: Using Queued invalidation
[    9.220291] DMAR: dmar1: Using Queued invalidation
[    9.220760] DMAR: Setting RMRR:
[    9.221065] DMAR: Setting identity map for device 0000:00:02.0 [0x3b000=
000 - 0x3f7fffff]
[    9.221347] DMAR: Setting identity map for device 0000:00:14.0 [0x39ad4=
000 - 0x39d1dfff]
[    9.221605] DMAR: Prepare 0-16MiB unity mapping for LPC
[    9.221867] DMAR: Setting identity map for device 0000:00:1f.0 [0x0 - 0=
xffffff]
[    9.222260] DMAR: Intel(R) Virtualization Technology for Directed I/O
[    9.222533] iommu: Adding device 0000:00:00.0 to group 0
[    9.222782] iommu: Adding device 0000:00:02.0 to group 1
[    9.223032] iommu: Adding device 0000:00:12.0 to group 2
[    9.223283] iommu: Adding device 0000:00:14.0 to group 3
[    9.223537] iommu: Adding device 0000:00:14.2 to group 3
[    9.223786] iommu: Adding device 0000:00:16.0 to group 4
[    9.224033] iommu: Adding device 0000:00:17.0 to group 5
[    9.224290] iommu: Adding device 0000:00:1b.0 to group 6
[    9.224540] iommu: Adding device 0000:00:1b.4 to group 7
[    9.224791] iommu: Adding device 0000:00:1c.0 to group 8
[    9.225042] iommu: Adding device 0000:00:1d.0 to group 9
[    9.225298] iommu: Adding device 0000:00:1f.0 to group 10
[    9.225550] iommu: Adding device 0000:00:1f.3 to group 10
[    9.225799] iommu: Adding device 0000:00:1f.4 to group 10
[    9.226047] iommu: Adding device 0000:00:1f.5 to group 10
[    9.226296] iommu: Adding device 0000:00:1f.6 to group 10
[    9.226546] iommu: Adding device 0000:02:00.0 to group 11
[    9.227543] clocksource: tsc: mask: 0xffffffffffffffff max_cycles: 0x6a=
8d280fdb9, max_idle_ns: 881591151302 ns
[    9.227824] clocksource: Switched to clocksource tsc
[    9.228457] workingset: timestamp_bits=3D40 max_order=3D23 bucket_order=
=3D0
[    9.229512] squashfs: version 4.0 (2009/01/31) Phillip Lougher
[    9.229756] fuse init (API version 7.27)
[    9.230396] Key type asymmetric registered
[    9.230643] Block layer SCSI generic (bsg) driver version 0.4 loaded (m=
ajor 251)
[    9.230906] io scheduler noop registered
[    9.231150] io scheduler deadline registered (default)
[    9.231408] io scheduler cfq registered
[    9.231651] io scheduler mq-deadline registered (default)
[    9.231897] io scheduler kyber registered
[    9.232145] io scheduler bfq registered
[    9.232604] pcieport 0000:00:1b.4: AER enabled with IRQ 123
[    9.232983] intel_idle: MWAIT substates: 0x11142120
[    9.232983] intel_idle: v0.4.1 model 0x9E
[    9.233141] intel_idle: lapic_timer_reliable_states 0xffffffff
[    9.233141] version 39.2
[    9.233798] Serial: 8250/16550 driver, 1 ports, IRQ sharing disabled
[    9.254608] 00:01: ttyS0 at I/O 0x3f8 (irq =3D 4, base_baud =3D 115200)=
 is a 16550A
[    9.255504] lp: driver loaded but no devices found
[    9.256001] Hangcheck: starting hangcheck timer 0.9.1 (tick is 180 seco=
nds, margin is 60 seconds).
[    9.256360] AMD IOMMUv2 driver by Joerg Roedel <jroedel@suse.de>
[    9.256603] AMD IOMMUv2 functionality not available on this system
[    9.258238] loop: module loaded
[    9.258509] VFIO - User Level meta-driver version: 0.3
[    9.258829] ehci_hcd: USB 2.0 'Enhanced' Host Controller (EHCI) Driver
[    9.259076] ehci-pci: EHCI PCI platform driver
[    9.259366] ohci_hcd: USB 1.1 'Open' Host Controller (OHCI) Driver
[    9.259612] ohci-pci: OHCI PCI platform driver
[    9.259852] uhci_hcd: USB Universal Host Controller Interface driver
[    9.260262] xhci_hcd 0000:00:14.0: xHCI Host Controller
[    9.260508] xhci_hcd 0000:00:14.0: new USB bus registered, assigned bus=
 number 1
[    9.261829] xhci_hcd 0000:00:14.0: hcc params 0x200077c1 hci version 0x=
110 quirks 0x0000000000009810
[    9.262124] xhci_hcd 0000:00:14.0: cache line size of 64 is not support=
ed
[    9.262319] hub 1-0:1.0: USB hub found
[    9.262611] hub 1-0:1.0: 16 ports detected
[    9.263599] xhci_hcd 0000:00:14.0: xHCI Host Controller
[    9.263842] xhci_hcd 0000:00:14.0: new USB bus registered, assigned bus=
 number 2
[    9.264118] xhci_hcd 0000:00:14.0: Host supports USB 3.1 Enhanced Super=
Speed
[    9.264468] hub 2-0:1.0: USB hub found
[    9.264763] hub 2-0:1.0: 10 ports detected
[    9.265548] usbcore: registered new interface driver usb-storage
[    9.265876] i8042: PNP: No PS/2 controller found.
[    9.266235] mousedev: PS/2 mouse device common for all mice
[    9.266479] usbcore: registered new interface driver synaptics_usb
[    9.266799] input: PC Speaker as /devices/platform/pcspkr/input/input0
[    9.267168] rtc_cmos 00:03: RTC can wake from S4
[    9.267992] rtc_cmos 00:03: registered as rtc0
[    9.268289] rtc_cmos 00:03: alarms up to one month, y3k, 242 bytes nvra=
m, hpet irqs
[    9.268577] IR NEC protocol handler initialized
[    9.268873] IR RC5(x/sz) protocol handler initialized
[    9.269124] IR RC6 protocol handler initialized
[    9.269476] IR JVC protocol handler initialized
[    9.269720] IR Sony protocol handler initialized
[    9.269965] IR SANYO protocol handler initialized
[    9.270238] IR Sharp protocol handler initialized
[    9.270482] IR MCE Keyboard/mouse protocol handler initialized
[    9.270728] IR XMP protocol handler initialized
[    9.270974] intel_pstate: Intel P-state driver initializing
[    9.271577] intel_pstate: HWP enabled
[    9.271825] hidraw: raw HID events driver (C) Jiri Kosina
[    9.272187] usbcore: registered new interface driver usbhid
[    9.272432] usbhid: USB HID core driver
[    9.272826] xt_time: kernel timezone is -0000
[    9.273113] ipip: IPv4 and MPLS over IPv4 tunneling driver
[    9.273445] gre: GRE over IPv4 demultiplexor driver
[    9.273715] ip_gre: GRE over IPv4 tunneling driver
[    9.274076] IPv4 over IPsec tunneling driver
[    9.274423] Initializing XFRM netlink socket
[    9.274811] NET: Registered protocol family 10
[    9.275274] Segment Routing with IPv6
[    9.275502] sit: IPv6, IPv4 and MPLS over IPv4 tunneling driver
[    9.275814] NET: Registered protocol family 17
[    9.276112] Bridge firewalling registered
[    9.276361] 8021q: 802.1Q VLAN Support v1.8
[    9.276583] 9pnet: Installing 9P2000 support
[    9.276854] Key type dns_resolver registered
[    9.277497] mce: Using 12 MCE banks
[    9.277777] microcode: sig=3D0x906ec, pf=3D0x2, revision=3D0xca
[    9.278181] microcode: Microcode Update Driver: v2.2.
[    9.278186] sched_clock: Marking stable (9239441476, 38737760)->(928385=
2904, -5673668)
[    9.278951] registered taskstats version 1
[    9.279368] Btrfs loaded, crc32c=3Dcrc32c-generic
[    9.280295] rtc_cmos 00:03: setting system clock to 2021-01-30 04:10:56=
 UTC (1611979856)
[    9.587161] usb 1-4: new high-speed USB device number 2 using xhci_hcd
[    9.724126] usb-storage 1-4:1.0: USB Mass Storage device detected
[    9.724867] scsi host0: usb-storage 1-4:1.0
[   10.755079] scsi 0:0:0:0: Direct-Access                               8=
.07 PQ: 0 ANSI: 4
[   10.755696] sd 0:0:0:0: Attached scsi generic sg0 type 0
[   10.756708] sd 0:0:0:0: [sda] 62259200 512-byte logical blocks: (31.9 G=
B/29.7 GiB)
[   10.757808] sd 0:0:0:0: [sda] Write Protect is off
[   10.758121] sd 0:0:0:0: [sda] Mode Sense: 23 00 00 00
[   10.758931] sd 0:0:0:0: [sda] Write cache: disabled, read cache: enable=
d, doesn't support DPO or FUA
[   10.763311]  sda: sda1
[   10.766081] sd 0:0:0:0: [sda] Attached SCSI removable disk
[   12.289247] floppy0: no floppy controllers found
[   12.292188] Freeing unused kernel image memory: 1196K
[   12.299186] Write protecting the kernel read-only data: 14336k
[   12.300776] Freeing unused kernel image memory: 2012K
[   12.301205] Freeing unused kernel image memory: 44K
[   12.301512] rodata_test: all tests were successful
[   12.301811] Run /init as init process
[   12.371171] random: udevd: uninitialized urandom read (16 bytes read)
[   12.371493] random: udevd: uninitialized urandom read (16 bytes read)
[   12.371780] random: udevd: uninitialized urandom read (16 bytes read)
[   12.374710] udevd[1328]: starting eudev-3.2.5
[   12.569441] random: fast init done
[   13.337544] random: crng init done
[   13.337846] random: 7 urandom warning(s) missed due to ratelimiting
[   14.492113] input: Sleep Button as /devices/LNXSYSTM:00/LNXSYBUS:00/PNP=
0C0E:00/input/input1
[   14.492432] ACPI: Sleep Button [SLPB]
[   14.492697] input: Power Button as /devices/LNXSYSTM:00/LNXSYBUS:00/PNP=
0C0C:00/input/input2
[   14.492959] ACPI: Power Button [PWRB]
[   14.494893] input: Power Button as /devices/LNXSYSTM:00/LNXPWRBN:00/inp=
ut/input3
[   14.495158] ACPI: Power Button [PWRF]
[   14.534190] acpi PNP0C14:02: duplicate WMI GUID 05901221-D566-11D1-B2F0=
-00A0C9062910 (first instance was on PNP0C14:01)
[   14.539507] acpi PNP0C14:03: duplicate WMI GUID 05901221-D566-11D1-B2F0=
-00A0C9062910 (first instance was on PNP0C14:01)
[   14.548318] ahci 0000:00:17.0: version 3.0
[   14.548877] nvme nvme0: pci function 0000:02:00.0
[   14.558545] ahci 0000:00:17.0: AHCI 0001.0301 32 slots 6 ports 6 Gbps 0=
x3f impl SATA mode
[   14.558775] ahci 0000:00:17.0: flags: 64bit ncq sntf clo only pio slum =
part ems deso sadm sds apst
[   14.574448] scsi host1: ahci
[   14.574722] scsi host2: ahci
[   14.575010] scsi host3: ahci
[   14.575301] scsi host4: ahci
[   14.575663] scsi host5: ahci
[   14.575981] scsi host6: ahci
[   14.576257] ata1: SATA max UDMA/133 abar m2048@0x51239000 port 0x512391=
00 irq 125
[   14.576505] ata2: SATA max UDMA/133 abar m2048@0x51239000 port 0x512391=
80 irq 125
[   14.576755] ata3: SATA max UDMA/133 abar m2048@0x51239000 port 0x512392=
00 irq 125
[   14.577005] ata4: SATA max UDMA/133 abar m2048@0x51239000 port 0x512392=
80 irq 125
[   14.577257] ata5: SATA max UDMA/133 abar m2048@0x51239000 port 0x512393=
00 irq 125
[   14.577506] ata6: SATA max UDMA/133 abar m2048@0x51239000 port 0x512393=
80 irq 125
[   14.605254] i801_smbus 0000:00:1f.4: SPD Write Disable is set
[   14.605535] i801_smbus 0000:00:1f.4: SMBus using PCI interrupt
[   14.670113] e1000e: Intel(R) PRO/1000 Network Driver - 3.2.6-k
[   14.670332] e1000e: Copyright(c) 1999 - 2015 Intel Corporation.
[   14.670718] e1000e 0000:00:1f.6: Interrupt Throttling Rate (ints/sec) s=
et to dynamic conservative mode
[   14.815660] RAPL PMU: API unit is 2^-32 Joules, 5 fixed counters, 65536=
0 ms ovfl timer
[   14.815919] RAPL PMU: hw unit of domain pp0-core 2^-14 Joules
[   14.816177] RAPL PMU: hw unit of domain package 2^-14 Joules
[   14.816423] RAPL PMU: hw unit of domain dram 2^-14 Joules
[   14.816425] nvme nvme0: missing or invalid SUBNQN field.
[   14.816668] RAPL PMU: hw unit of domain pp1-gpu 2^-14 Joules
[   14.816668] RAPL PMU: hw unit of domain psys 2^-14 Joules
[   14.816930] nvme nvme0: Shutdown timeout set to 8 seconds
[   14.832532]  nvme0n1: p1
[   14.882363] cryptd: max_cpu_qlen set to 1000
[   14.886347] ata4: SATA link up 6.0 Gbps (SStatus 133 SControl 300)
[   14.886716] ata5: SATA link up 6.0 Gbps (SStatus 133 SControl 300)
[   14.887067] ata3: SATA link up 6.0 Gbps (SStatus 133 SControl 300)
[   14.887440] ata6: SATA link down (SStatus 4 SControl 300)
[   14.887756] ata1: SATA link up 6.0 Gbps (SStatus 133 SControl 300)
[   14.888021] ata2: SATA link up 6.0 Gbps (SStatus 133 SControl 300)
[   14.889172] AVX2 version of gcm_enc/dec engaged.
[   14.889425] AES CTR mode by8 optimization enabled
[   14.889570] ata1.00: supports DRM functions and may not be fully access=
ible
[   14.890308] ata1.00: NCQ Send/Recv Log not supported
[   14.890553] ata1.00: ATA-9: Samsung SSD 850 EVO 500GB, S21JNSAG264354L,=
 EMT01B6Q, max UDMA/133
[   14.890872] ata1.00: 976773168 sectors, multi 1: LBA48 NCQ (depth 32), =
AA
[   14.892142] ata1.00: supports DRM functions and may not be fully access=
ible
[   14.892757] ata1.00: NCQ Send/Recv Log not supported
[   14.893978] ata1.00: configured for UDMA/133
[   14.894276] scsi 1:0:0:0: Direct-Access     ATA      Samsung SSD 850  1=
B6Q PQ: 0 ANSI: 5
[   14.894610] sd 1:0:0:0: [sdb] 976773168 512-byte logical blocks: (500 G=
B/466 GiB)
[   14.894864] sd 1:0:0:0: [sdb] Write Protect is off
[   14.895113] sd 1:0:0:0: [sdb] Mode Sense: 00 3a 00 00
[   14.895118] sd 1:0:0:0: [sdb] Write cache: enabled, read cache: enabled=
, doesn't support DPO or FUA
[   14.895120] ata4.00: ATA-9: WDC WD120EFAX-68UNTN0, 5PGXSLEE, 81.00A81, =
max UDMA/133
[   14.895698] ata4.00: 23437770752 sectors, multi 16: LBA48 NCQ (depth 32=
), AA
[   14.895952] ata2.00: ATA-9: WDC WD120EFAX-68UNTN0, 5PG1TSTE, 81.00A81, =
max UDMA/133
[   14.896197] ata2.00: 23437770752 sectors, multi 16: LBA48 NCQ (depth 32=
), AA
[   14.896449] ata3.00: ATA-9: WDC WD120EFAX-68UNTN0, 5PG9T3VD, 81.00A81, =
max UDMA/133
[   14.896700] ata3.00: 23437770752 sectors, multi 16: LBA48 NCQ (depth 32=
), AA
[   14.896962] ata5.00: ATA-9: WDC WD120EFAX-68UNTN0, 5PHHZ03D, 81.00A81, =
max UDMA/133
[   14.897216] ata5.00: 23437770752 sectors, multi 16: LBA48 NCQ (depth 32=
), AA
[   14.897472] sd 1:0:0:0: Attached scsi generic sg1 type 0
[   14.897980]  sdb: sdb1
[   14.898327] sd 1:0:0:0: [sdb] Attached SCSI disk
[   14.905808] ata2.00: configured for UDMA/133
[   14.906107] scsi 2:0:0:0: Direct-Access     ATA      WDC WD120EFAX-68 0=
A81 PQ: 0 ANSI: 5
[   14.906391] ata3.00: configured for UDMA/133
[   14.906436] sd 2:0:0:0: [sdc] 23437770752 512-byte logical blocks: (12.=
0 TB/10.9 TiB)
[   14.906653] ata5.00: configured for UDMA/133
[   14.906891] sd 2:0:0:0: [sdc] 4096-byte physical blocks
[   14.907389] sd 2:0:0:0: [sdc] Write Protect is off
[   14.907636] sd 2:0:0:0: [sdc] Mode Sense: 00 3a 00 00
[   14.907639] sd 2:0:0:0: [sdc] Write cache: enabled, read cache: enabled=
, doesn't support DPO or FUA
[   14.907993] sd 2:0:0:0: Attached scsi generic sg2 type 0
[   14.908299] scsi 3:0:0:0: Direct-Access     ATA      WDC WD120EFAX-68 0=
A81 PQ: 0 ANSI: 5
[   14.908612] sd 3:0:0:0: Attached scsi generic sg3 type 0
[   14.908883] sd 3:0:0:0: [sdd] 23437770752 512-byte logical blocks: (12.=
0 TB/10.9 TiB)
[   14.909144] sd 3:0:0:0: [sdd] 4096-byte physical blocks
[   14.909474] ata4.00: configured for UDMA/133
[   14.909729] sd 3:0:0:0: [sdd] Write Protect is off
[   14.909774] scsi 4:0:0:0: Direct-Access     ATA      WDC WD120EFAX-68 0=
A81 PQ: 0 ANSI: 5
[   14.909971] sd 3:0:0:0: [sdd] Mode Sense: 00 3a 00 00
[   14.910226] sd 3:0:0:0: [sdd] Write cache: enabled, read cache: enabled=
, doesn't support DPO or FUA
[   14.910289] sd 4:0:0:0: [sde] 23437770752 512-byte logical blocks: (12.=
0 TB/10.9 TiB)
[   14.910564] sd 4:0:0:0: Attached scsi generic sg4 type 0
[   14.910788] sd 4:0:0:0: [sde] 4096-byte physical blocks
[   14.911088] scsi 5:0:0:0: Direct-Access     ATA      WDC WD120EFAX-68 0=
A81 PQ: 0 ANSI: 5
[   14.911282] sd 4:0:0:0: [sde] Write Protect is off
[   14.911586] sd 5:0:0:0: Attached scsi generic sg5 type 0
[   14.911776] sd 4:0:0:0: [sde] Mode Sense: 00 3a 00 00
[   14.912026] sd 4:0:0:0: [sde] Write cache: enabled, read cache: enabled=
, doesn't support DPO or FUA
[   14.912043] sd 5:0:0:0: [sdf] 23437770752 512-byte logical blocks: (12.=
0 TB/10.9 TiB)
[   14.912586] sd 5:0:0:0: [sdf] 4096-byte physical blocks
[   14.912834] sd 5:0:0:0: [sdf] Write Protect is off
[   14.913078] sd 5:0:0:0: [sdf] Mode Sense: 00 3a 00 00
[   14.913080] sd 5:0:0:0: [sdf] Write cache: enabled, read cache: enabled=
, doesn't support DPO or FUA
[   14.961181]  sdc: sdc1
[   14.961993] sd 2:0:0:0: [sdc] Attached SCSI disk
[   14.963859]  sdf: sdf1
[   14.964774] sd 5:0:0:0: [sdf] Attached SCSI disk
[   14.967913]  sde: sde1
[   14.968766] sd 4:0:0:0: [sde] Attached SCSI disk
[   14.973244]  sdd: sdd1
[   14.974014] sd 3:0:0:0: [sdd] Attached SCSI disk
[   15.009705] BTRFS: device fsid 1df2cdfd-d2cb-498b-be96-13cb969e11f5 dev=
id 1 transid 41262420 /dev/sdb1
[   15.085009] e1000e 0000:00:1f.6 0000:00:1f.6 (uninitialized): registere=
d PHC clock
[   15.163694] e1000e 0000:00:1f.6 eth0: (PCI Express:2.5GT/s:Width x1) b4=
:2e:99:8b:38:ed
[   15.164015] e1000e 0000:00:1f.6 eth0: Intel(R) PRO/1000 Network Connect=
ion
[   15.164416] e1000e 0000:00:1f.6 eth0: MAC: 13, PHY: 12, PBA No: FFFFFF-=
0FF
[   16.585188] ACPI: Invalid passive threshold
[   16.585767] thermal LNXTHERM:00: registered as thermal_zone1
[   16.586027] ACPI: Thermal Zone [TZ10] (17 C)
[   16.586526] thermal LNXTHERM:01: registered as thermal_zone2
[   16.586787] ACPI: Thermal Zone [TZ00] (28 C)
[   17.216616] Ethernet Channel Bonding Driver: v3.7.1 (April 27, 2011)
[   17.216617] MII link monitoring set to 100 ms
[   17.217666] IPv6: ADDRCONF(NETDEV_UP): bond0: link is not ready
[   17.217667] 8021q: adding VLAN 0 to HW filter on device bond0
[   17.425583] bond0: Enslaving eth0 as a backup interface with a down lin=
k
[   19.639663] device bond0 entered promiscuous mode
[   19.639668] IPv6: ADDRCONF(NETDEV_UP): bond0: link is not ready
[   19.639668] 8021q: adding VLAN 0 to HW filter on device bond0
[   19.639676] br0: port 1(bond0) entered blocking state
[   19.639677] br0: port 1(bond0) entered disabled state
[   20.355828] e1000e: eth0 NIC Link is Up 1000 Mbps Full Duplex, Flow Con=
trol: Rx/Tx
[   20.369252] bond0: link status definitely up for interface eth0, 1000 M=
bps full duplex
[   20.369257] bond0: making interface eth0 the new active one
[   20.369259] device eth0 entered promiscuous mode
[   20.369568] bond0: first active interface up!
[   20.369585] br0: port 1(bond0) entered blocking state
[   20.369588] br0: port 1(bond0) entered forwarding state
[   38.530195] md: unRAID driver 2.9.13 installed
[   38.541920] mdcmd (1): import 0 sde 64 11718885324 0 WDC_WD120EFAX-68UN=
TN0_5PGXSLEE
[   38.542000] md: import disk0: (sde) WDC_WD120EFAX-68UNTN0_5PGXSLEE size=
: 11718885324
[   38.542274] mdcmd (2): import 1 sdc 64 11718885324 0 WDC_WD120EFAX-68UN=
TN0_5PG1TSTE
[   38.542343] md: import disk1: (sdc) WDC_WD120EFAX-68UNTN0_5PG1TSTE size=
: 11718885324
[   38.542640] mdcmd (3): import 2 sdd 64 11718885324 0 WDC_WD120EFAX-68UN=
TN0_5PG9T3VD
[   38.542698] md: import disk2: (sdd) WDC_WD120EFAX-68UNTN0_5PG9T3VD size=
: 11718885324
[   38.542952] mdcmd (4): import 3 sdf 64 11718885324 0 WDC_WD120EFAX-68UN=
TN0_5PHHZ03D
[   38.543037] md: import disk3: (sdf) WDC_WD120EFAX-68UNTN0_5PHHZ03D size=
: 11718885324
[   38.543044] mdcmd (5): import 4
[   38.543048] mdcmd (6): import 5
[   38.543052] mdcmd (7): import 6
[   38.543056] mdcmd (8): import 7
[   38.543060] mdcmd (9): import 8
[   38.543064] mdcmd (10): import 9
[   38.543068] mdcmd (11): import 10
[   38.543072] mdcmd (12): import 11
[   38.543076] mdcmd (13): import 12
[   38.543079] mdcmd (14): import 13
[   38.543096] mdcmd (15): import 14
[   38.543099] mdcmd (16): import 15
[   38.543103] mdcmd (17): import 16
[   38.543107] mdcmd (18): import 17
[   38.543111] mdcmd (19): import 18
[   38.543115] mdcmd (20): import 19
[   38.543119] mdcmd (21): import 20
[   38.543123] mdcmd (22): import 21
[   38.543127] mdcmd (23): import 22
[   38.543130] mdcmd (24): import 23
[   38.543134] mdcmd (25): import 24
[   38.543138] mdcmd (26): import 25
[   38.543141] mdcmd (27): import 26
[   38.543145] mdcmd (28): import 27
[   38.543149] mdcmd (29): import 28
[   38.543153] mdcmd (30): import 29
[   38.543153] md: import_slot: 29 empty
[   42.907012] mdcmd (31): set md_num_stripes 1280
[   42.907016] mdcmd (32): set md_queue_limit 80
[   42.907018] mdcmd (33): set md_sync_limit 5
[   42.907020] mdcmd (34): set md_write_method
[   42.907022] mdcmd (35): set spinup_group 0 0
[   42.907025] mdcmd (36): set spinup_group 1 0
[   42.907027] mdcmd (37): set spinup_group 2 0
[   42.907029] mdcmd (38): set spinup_group 3 0
[   42.907044] mdcmd (39): start STOPPED
[   42.907394] unraid: allocating 25990K for 1280 stripes (5 disks)
[   42.909065] md1: running, size: 11718885324 blocks
[   42.909137] md2: running, size: 11718885324 blocks
[   42.909210] md3: running, size: 11718885324 blocks
[   44.758609] SGI XFS with ACLs, security attributes, no debug enabled
[   44.759311] XFS (md1): Mounting V5 Filesystem
[   44.881500] XFS (md1): Ending clean mount
[   45.009541] XFS (md2): Mounting V5 Filesystem
[   45.145377] XFS (md2): Ending clean mount
[   45.253471] XFS (md3): Mounting V5 Filesystem
[   45.406841] XFS (md3): Ending clean mount
[   45.516948] BTRFS info (device sdb1): allowing degraded mounts
[   45.516949] BTRFS info (device sdb1): disk space caching is enabled
